Archive member included to satisfy reference by file (symbol)

../../../../../drivers/crypto/lib/libcrypto.a(aes.o)
                              ./objects/cmac.o (aes_init)
c:/gnu arm embedded toolchain/10 2021.10/bin/../lib/gcc/arm-none-eabi/10.3.1/thumb/v7e-m/nofp\libgcc.a(_arm_muldf3.o)
                              ./objects/printf-stdarg.o (__aeabi_dmul)
c:/gnu arm embedded toolchain/10 2021.10/bin/../lib/gcc/arm-none-eabi/10.3.1/thumb/v7e-m/nofp\libgcc.a(_arm_addsubdf3.o)
                              ./objects/printf-stdarg.o (__aeabi_dsub)
c:/gnu arm embedded toolchain/10 2021.10/bin/../lib/gcc/arm-none-eabi/10.3.1/thumb/v7e-m/nofp\libgcc.a(_arm_muldivdf3.o)
                              ./objects/printf-stdarg.o (__aeabi_ddiv)
c:/gnu arm embedded toolchain/10 2021.10/bin/../lib/gcc/arm-none-eabi/10.3.1/thumb/v7e-m/nofp\libgcc.a(_arm_cmpdf2.o)
                              ./objects/printf-stdarg.o (__aeabi_dcmpeq)
c:/gnu arm embedded toolchain/10 2021.10/bin/../lib/gcc/arm-none-eabi/10.3.1/thumb/v7e-m/nofp\libgcc.a(_arm_fixdfsi.o)
                              ./objects/printf-stdarg.o (__aeabi_d2iz)
c:/gnu arm embedded toolchain/10 2021.10/bin/../lib/gcc/arm-none-eabi/10.3.1/thumb/v7e-m/nofp\libgcc.a(_arm_fixunsdfsi.o)
                              ./objects/printf-stdarg.o (__aeabi_d2uiz)
c:/gnu arm embedded toolchain/10 2021.10/bin/../lib/gcc/arm-none-eabi/10.3.1/thumb/v7e-m/nofp\libgcc.a(_aeabi_uldivmod.o)
                              ./objects/printf-stdarg.o (__aeabi_uldivmod)
c:/gnu arm embedded toolchain/10 2021.10/bin/../lib/gcc/arm-none-eabi/10.3.1/thumb/v7e-m/nofp\libgcc.a(_fixunsdfdi.o)
                              ./objects/rtc-board.o (__aeabi_d2ulz)
c:/gnu arm embedded toolchain/10 2021.10/bin/../lib/gcc/arm-none-eabi/10.3.1/thumb/v7e-m/nofp\libgcc.a(_udivmoddi4.o)
                              c:/gnu arm embedded toolchain/10 2021.10/bin/../lib/gcc/arm-none-eabi/10.3.1/thumb/v7e-m/nofp\libgcc.a(_aeabi_uldivmod.o) (__udivmoddi4)
c:/gnu arm embedded toolchain/10 2021.10/bin/../lib/gcc/arm-none-eabi/10.3.1/thumb/v7e-m/nofp\libgcc.a(_dvmd_tls.o)
                              c:/gnu arm embedded toolchain/10 2021.10/bin/../lib/gcc/arm-none-eabi/10.3.1/thumb/v7e-m/nofp\libgcc.a(_aeabi_uldivmod.o) (__aeabi_ldiv0)
c:/gnu arm embedded toolchain/10 2021.10/bin/../lib/gcc/arm-none-eabi/10.3.1/../../../../arm-none-eabi/lib/thumb/v7e-m/nofp\libc.a(lib_a-exit.o)
                              c:/gnu arm embedded toolchain/10 2021.10/bin/../lib/gcc/arm-none-eabi/10.3.1/../../../../arm-none-eabi/lib/thumb/v7e-m/nofp/crt0.o (exit)
c:/gnu arm embedded toolchain/10 2021.10/bin/../lib/gcc/arm-none-eabi/10.3.1/../../../../arm-none-eabi/lib/thumb/v7e-m/nofp\libc.a(lib_a-impure.o)
                              c:/gnu arm embedded toolchain/10 2021.10/bin/../lib/gcc/arm-none-eabi/10.3.1/../../../../arm-none-eabi/lib/thumb/v7e-m/nofp\libc.a(lib_a-exit.o) (_global_impure_ptr)
c:/gnu arm embedded toolchain/10 2021.10/bin/../lib/gcc/arm-none-eabi/10.3.1/../../../../arm-none-eabi/lib/thumb/v7e-m/nofp\libc.a(lib_a-init.o)
                              c:/gnu arm embedded toolchain/10 2021.10/bin/../lib/gcc/arm-none-eabi/10.3.1/../../../../arm-none-eabi/lib/thumb/v7e-m/nofp/crt0.o (__libc_init_array)
c:/gnu arm embedded toolchain/10 2021.10/bin/../lib/gcc/arm-none-eabi/10.3.1/../../../../arm-none-eabi/lib/thumb/v7e-m/nofp\libc.a(lib_a-memcpy.o)
                              ./objects/tremo_flash.o (memcpy)
c:/gnu arm embedded toolchain/10 2021.10/bin/../lib/gcc/arm-none-eabi/10.3.1/../../../../arm-none-eabi/lib/thumb/v7e-m/nofp\libc.a(lib_a-memset.o)
                              c:/gnu arm embedded toolchain/10 2021.10/bin/../lib/gcc/arm-none-eabi/10.3.1/../../../../arm-none-eabi/lib/thumb/v7e-m/nofp/crt0.o (memset)
c:/gnu arm embedded toolchain/10 2021.10/bin/../lib/gcc/arm-none-eabi/10.3.1/../../../../arm-none-eabi/lib/thumb/v7e-m/nofp\libc.a(lib_a-__call_atexit.o)
                              c:/gnu arm embedded toolchain/10 2021.10/bin/../lib/gcc/arm-none-eabi/10.3.1/../../../../arm-none-eabi/lib/thumb/v7e-m/nofp\libc.a(lib_a-exit.o) (__call_exitprocs)
c:/gnu arm embedded toolchain/10 2021.10/bin/../lib/gcc/arm-none-eabi/10.3.1/../../../../arm-none-eabi/lib/thumb/v7e-m/nofp\libc.a(lib_a-atexit.o)
                              c:/gnu arm embedded toolchain/10 2021.10/bin/../lib/gcc/arm-none-eabi/10.3.1/../../../../arm-none-eabi/lib/thumb/v7e-m/nofp\libc.a(lib_a-__call_atexit.o) (atexit)
c:/gnu arm embedded toolchain/10 2021.10/bin/../lib/gcc/arm-none-eabi/10.3.1/../../../../arm-none-eabi/lib/thumb/v7e-m/nofp\libc.a(lib_a-fini.o)
                              c:/gnu arm embedded toolchain/10 2021.10/bin/../lib/gcc/arm-none-eabi/10.3.1/../../../../arm-none-eabi/lib/thumb/v7e-m/nofp\libc.a(lib_a-__call_atexit.o) (__libc_fini_array)
c:/gnu arm embedded toolchain/10 2021.10/bin/../lib/gcc/arm-none-eabi/10.3.1/../../../../arm-none-eabi/lib/thumb/v7e-m/nofp\libc.a(lib_a-lock.o)
[...]
Memory Configuration

Name             Origin             Length             Attributes
FLASH            0x08000000         0x00040000         xr
RAM              0x20000000         0x00010000         xrw
*default*        0x00000000         0xffffffff

Linker script and memory map

LOAD c:/gnu arm embedded toolchain/10 2021.10/bin/../lib/gcc/arm-none-eabi/10.3.1/thumb/v7e-m/nofp/crti.o
LOAD c:/gnu arm embedded toolchain/10 2021.10/bin/../lib/gcc/arm-none-eabi/10.3.1/thumb/v7e-m/nofp/crtbegin.o
LOAD c:/gnu arm embedded toolchain/10 2021.10/bin/../lib/gcc/arm-none-eabi/10.3.1/../../../../arm-none-eabi/lib/thumb/v7e-m/nofp/crt0.o
LOAD ./objects/printf-stdarg.o
LOAD ./objects/system_cm4.o
LOAD ./objects/startup_cm4.o
LOAD ./objects/tremo_adc.o
LOAD ./objects/tremo_bstimer.o
LOAD ./objects/tremo_crc.o
LOAD ./objects/tremo_dac.o
LOAD ./objects/tremo_delay.o
LOAD ./objects/tremo_dma.o
LOAD ./objects/tremo_flash.o
LOAD ./objects/tremo_gpio.o
LOAD ./objects/tremo_i2c.o
LOAD ./objects/tremo_i2s.o
LOAD ./objects/tremo_iwdg.o
LOAD ./objects/tremo_lcd.o
LOAD ./objects/tremo_lptimer.o
LOAD ./objects/tremo_lpuart.o
LOAD ./objects/tremo_pwr.o
LOAD ./objects/tremo_rcc.o
LOAD ./objects/tremo_rtc.o
LOAD ./objects/tremo_spi.o
LOAD ./objects/tremo_system.o
LOAD ./objects/tremo_timer.o
LOAD ./objects/tremo_uart.o
LOAD ./objects/tremo_wdg.o
LOAD ./objects/delay.o
LOAD ./objects/timer.o
LOAD ./objects/cmac.o
LOAD ./objects/radio.o
LOAD ./objects/sx126x.o
LOAD ./objects/rtc-board.o
LOAD ./objects/sx1262-board.o
LOAD ./objects/utilities.o
LOAD ./objects/loramac.o
LOAD ./objects/loramacclassb.o
LOAD ./objects/loramacconfirmqueue.o
LOAD ./objects/loramaccrypto.o
LOAD ./objects/region.o
LOAD ./objects/regioncommon.o
LOAD ./objects/regioncn470.o
LOAD ./objects/classc.o
LOAD ./objects/main.o
LOAD ./objects/tremo_it.o
LOAD ../../../../../drivers/crypto/lib/libcrypto.a
START GROUP
LOAD c:/gnu arm embedded toolchain/10 2021.10/bin/../lib/gcc/arm-none-eabi/10.3.1/thumb/v7e-m/nofp\libgcc.a
LOAD c:/gnu arm embedded toolchain/10 2021.10/bin/../lib/gcc/arm-none-eabi/10.3.1/../../../../arm-none-eabi/lib/thumb/v7e-m/nofp\libc.a
END GROUP
LOAD c:/gnu arm embedded toolchain/10 2021.10/bin/../lib/gcc/arm-none-eabi/10.3.1/thumb/v7e-m/nofp/crtend.o
LOAD c:/gnu arm embedded toolchain/10 2021.10/bin/../lib/gcc/arm-none-eabi/10.3.1/thumb/v7e-m/nofp/crtn.o
                0x20010000                _estack = 0x20010000
                0x00001000                _HEAP_SIZE = 0x1000
                0x00001000                _STACK_SIZE = 0x1000

.isr_vector     0x08000000       0xd4
                0x08000000                . = ALIGN (0x4)
 *(.isr_vector)
 .isr_vector    0x08000000       0xd4 ./objects/startup_cm4.o
                0x08000000                g_pfnVectors
                0x080000d4                . = ALIGN (0x4)

.text           0x080000d8     0x8d84
                0x080000d8                . = ALIGN (0x4)
 *(.text)
 .text          0x080000d8       0x40 c:/gnu arm embedded toolchain/10 2021.10/bin/../lib/gcc/arm-none-eabi/10.3.1/thumb/v7e-m/nofp/crtbegin.o
 .text          0x08000118      0x1ec ../../../../../drivers/crypto/lib/libcrypto.a(aes.o)
                0x08000118                aes_init
                0x08000228                aes_crypto
                0x080002cc                aes_close
 .text          0x08000304      0x378 c:/gnu arm embedded toolchain/10 2021.10/bin/../lib/gcc/arm-none-eabi/10.3.1/thumb/v7e-m/nofp\libgcc.a(_arm_addsubdf3.o)
                0x08000304                __aeabi_drsub
                0x0800030c                __aeabi_dsub
                0x0800030c                __subdf3
                0x08000310                __aeabi_dadd
                0x08000310                __adddf3
                0x08000588                __floatunsidf
                0x08000588                __aeabi_ui2d
                0x080005a8                __floatsidf
                0x080005a8                __aeabi_i2d
                0x080005cc                __aeabi_f2d
                0x080005cc                __extendsfdf2
                0x08000610                __floatundidf
                0x08000610                __aeabi_ul2d
                0x08000620                __floatdidf
                0x08000620                __aeabi_l2d
 .text          0x0800067c      0x424 c:/gnu arm embedded toolchain/10 2021.10/bin/../lib/gcc/arm-none-eabi/10.3.1/thumb/v7e-m/nofp\libgcc.a(_arm_muldivdf3.o)
                0x0800067c                __aeabi_dmul
                0x0800067c                __muldf3
                0x080008d0                __divdf3
                0x080008d0                __aeabi_ddiv
 .text          0x08000aa0      0x110 c:/gnu arm embedded toolchain/10 2021.10/bin/../lib/gcc/arm-none-eabi/10.3.1/thumb/v7e-m/nofp\libgcc.a(_arm_cmpdf2.o)
                0x08000aa0                __gtdf2
                0x08000aa0                __gedf2
                0x08000aa8                __ltdf2
                0x08000aa8                __ledf2
                0x08000ab0                __nedf2
                0x08000ab0                __eqdf2
                0x08000ab0                __cmpdf2
                0x08000b2c                __aeabi_cdrcmple
                0x08000b3c                __aeabi_cdcmpeq
                0x08000b3c                __aeabi_cdcmple
                0x08000b4c                __aeabi_dcmpeq
                0x08000b60                __aeabi_dcmplt
                0x08000b74                __aeabi_dcmple
                0x08000b88                __aeabi_dcmpge
                0x08000b9c                __aeabi_dcmpgt
 .text          0x08000bb0       0x50 c:/gnu arm embedded toolchain/10 2021.10/bin/../lib/gcc/arm-none-eabi/10.3.1/thumb/v7e-m/nofp\libgcc.a(_arm_fixdfsi.o)
                0x08000bb0                __aeabi_d2iz
                0x08000bb0                __fixdfsi
 .text          0x08000c00       0x40 c:/gnu arm embedded toolchain/10 2021.10/bin/../lib/gcc/arm-none-eabi/10.3.1/thumb/v7e-m/nofp\libgcc.a(_arm_fixunsdfsi.o)
                0x08000c00                __aeabi_d2uiz
                0x08000c00                __fixunsdfsi
 .text          0x08000c40       0x30 c:/gnu arm embedded toolchain/10 2021.10/bin/../lib/gcc/arm-none-eabi/10.3.1/thumb/v7e-m/nofp\libgcc.a(_aeabi_uldivmod.o)
                0x08000c40                __aeabi_uldivmod
 .text          0x08000c70       0x3c c:/gnu arm embedded toolchain/10 2021.10/bin/../lib/gcc/arm-none-eabi/10.3.1/thumb/v7e-m/nofp\libgcc.a(_fixunsdfdi.o)
                0x08000c70                __fixunsdfdi
                0x08000c70                __aeabi_d2ulz
 .text          0x08000cac      0x2d0 c:/gnu arm embedded toolchain/10 2021.10/bin/../lib/gcc/arm-none-eabi/10.3.1/thumb/v7e-m/nofp\libgcc.a(_udivmoddi4.o)
                0x08000cac                __udivmoddi4
 .text          0x08000f7c        0x4 c:/gnu arm embedded toolchain/10 2021.10/bin/../lib/gcc/arm-none-eabi/10.3.1/thumb/v7e-m/nofp\libgcc.a(_dvmd_tls.o)
                0x08000f7c                __aeabi_idiv0
                0x08000f7c                __aeabi_ldiv0
 .text          0x08000f80      0x134 c:/gnu arm embedded toolchain/10 2021.10/bin/../lib/gcc/arm-none-eabi/10.3.1/../../../../arm-none-eabi/lib/thumb/v7e-m/nofp\libc.a(lib_a-memcpy.o)
                0x08000f80                memcpy
 *(.text*)
 .text._out_null
                0x080010b4        0x2 ./objects/printf-stdarg.o
 .text._out_rev
                0x080010b6       0x86 ./objects/printf-stdarg.o
 .text._ntoa_format
                0x0800113c      0x10a ./objects/printf-stdarg.o
 .text._ntoa_long
                0x08001246       0x84 ./objects/printf-stdarg.o
 .text._ntoa_long_long
                0x080012ca       0xb6 ./objects/printf-stdarg.o
 .text._etoa    0x08001380      0x394 ./objects/printf-stdarg.o
 *fill*         0x08001714        0x4 
 .text._ftoa    0x08001718      0x358 ./objects/printf-stdarg.o
 .text._out_char
                0x08001a70       0x10 ./objects/printf-stdarg.o
 .text._vsnprintf
                0x08001a80      0x548 ./objects/printf-stdarg.o
 .text.__wrap_printf
                0x08001fc8       0x28 ./objects/printf-stdarg.o
                0x08001fc8                __wrap_printf
 .text.nvic_init
                0x08001ff0       0x24 ./objects/system_cm4.o
                0x08001ff0                nvic_init
 .text.system_init
                0x08002014       0x44 ./objects/system_cm4.o
                0x08002014                system_init
 .text.Reset_Handler
                0x08002058       0x48 ./objects/startup_cm4.o
                0x08002058                Reset_Handler
 .text.Default_Handler
                0x080020a0        0x2 ./objects/startup_cm4.o
                0x080020a0                GPIO_IRQHandler
                0x080020a0                SCC_IRQHandler
                0x080020a0                TIMER2_IRQHandler
                0x080020a0                EFC_IRQHandler
                0x080020a0                I2C0_IRQHandler
                0x080020a0                SAC_IRQHandler
                0x080020a0                I2C1_IRQHandler
                0x080020a0                UART1_IRQHandler
                0x080020a0                BSTIMER0_IRQHandler
                0x080020a0                TIMER3_IRQHandler
                0x080020a0                UART0_IRQHandler
                0x080020a0                SEC_IRQHandler
                0x080020a0                WDG_IRQHandler
                0x080020a0                LPTIMER1_IRQHandler
                0x080020a0                LPTIMER0_IRQHandler
                0x080020a0                SSP0_IRQHandler
                0x080020a0                I2S_IRQHandler
                0x080020a0                I2C2_IRQHandler
                0x080020a0                TIMER0_IRQHandler
                0x080020a0                LCD_IRQHandler
                0x080020a0                LPUART_IRQHandler
                0x080020a0                TIMER1_IRQHandler
                0x080020a0                UART2_IRQHandler
                0x080020a0                Default_Handler
                0x080020a0                ADC_IRQHandler
                0x080020a0                SSP1_IRQHandler
                0x080020a0                DMA0_IRQHandler
                0x080020a0                IWDG_IRQHandler
                0x080020a0                SSP2_IRQHandler
                0x080020a0                BSTIMER1_IRQHandler
                0x080020a0                DAC_IRQHandler
                0x080020a0                AFEC_IRQHandler
                0x080020a0                UART3_IRQHandler
                0x080020a0                QSPI_IRQHandler
                0x080020a0                DMA1_IRQHandler
 *fill*         0x080020a2        0x2 
 .text.delay_init
                0x080020a4       0x48 ./objects/tremo_delay.o
                0x080020a4                delay_init
 .text.delay_us
                0x080020ec       0x30 ./objects/tremo_delay.o
                0x080020ec                delay_us
 .text.delay_ms
                0x0800211c        0xa ./objects/tremo_delay.o
                0x0800211c                delay_ms
 *fill*         0x08002126        0x2 
 .text.gpio_init
                0x08002128      0x124 ./objects/tremo_gpio.o
                0x08002128                gpio_init
 .text.gpio_set_iomux
                0x0800224c       0x44 ./objects/tremo_gpio.o
                0x0800224c                gpio_set_iomux
 .text.pwr_xo32k_lpm_cmd
                0x08002290       0x18 ./objects/tremo_pwr.o
                0x08002290                pwr_xo32k_lpm_cmd
 .text.rcc_get_clk_freq
                0x080022a8       0x9c ./objects/tremo_rcc.o
                0x080022a8                rcc_get_clk_freq
 .text.rcc_get_uart0_clk_source
                0x08002344        0xc ./objects/tremo_rcc.o
                0x08002344                rcc_get_uart0_clk_source
 .text.rcc_get_uart1_clk_source
                0x08002350        0xc ./objects/tremo_rcc.o
                0x08002350                rcc_get_uart1_clk_source
 .text.rcc_get_uart2_clk_source
                0x0800235c        0xc ./objects/tremo_rcc.o
                0x0800235c                rcc_get_uart2_clk_source
 .text.rcc_get_uart3_clk_source
                0x08002368        0xc ./objects/tremo_rcc.o
                0x08002368                rcc_get_uart3_clk_source
 .text.rcc_get_rtc_clk_source
                0x08002374        0xc ./objects/tremo_rcc.o
                0x08002374                rcc_get_rtc_clk_source
 .text.rcc_enable_peripheral_clk
                0x08002380      0x4b4 ./objects/tremo_rcc.o
                0x08002380                rcc_enable_peripheral_clk
 .text.rcc_enable_oscillator
                0x08002834       0xfc ./objects/tremo_rcc.o
                0x08002834                rcc_enable_oscillator
 .text.rcc_rst_peripheral
                0x08002930       0x4a ./objects/tremo_rcc.o
                0x08002930                rcc_rst_peripheral
 .text.rtc_deinit
                0x0800297a       0x1e ./objects/tremo_rtc.o
                0x0800297a                rtc_deinit
 .text.rtc_check_syn
                0x08002998       0x14 ./objects/tremo_rtc.o
                0x08002998                rtc_check_syn
 .text.rtc_calendar_cmd
                0x080029ac       0x20 ./objects/tremo_rtc.o
                0x080029ac                rtc_calendar_cmd
 .text.rtc_cyc_cmd
                0x080029cc       0x20 ./objects/tremo_rtc.o
                0x080029cc                rtc_cyc_cmd
 .text.rtc_config_cyc_wakeup
                0x080029ec       0x24 ./objects/tremo_rtc.o
                0x080029ec                rtc_config_cyc_wakeup
 .text.rtc_get_calendar
                0x08002a10       0xdc ./objects/tremo_rtc.o
                0x08002a10                rtc_get_calendar
 .text.rtc_set_status
                0x08002aec       0x30 ./objects/tremo_rtc.o
                0x08002aec                rtc_set_status
 .text.rtc_get_status
                0x08002b1c       0x38 ./objects/tremo_rtc.o
                0x08002b1c                rtc_get_status
 .text.rtc_config_interrupt
                0x08002b54       0x38 ./objects/tremo_rtc.o
                0x08002b54                rtc_config_interrupt
 .text.rtc_config_cyc_max
                0x08002b8c       0x14 ./objects/tremo_rtc.o
                0x08002b8c                rtc_config_cyc_max
 .text.uart_send_data
                0x08002ba0        0xa ./objects/tremo_uart.o
                0x08002ba0                uart_send_data
 .text.uart_config_init
                0x08002baa       0x16 ./objects/tremo_uart.o
                0x08002baa                uart_config_init
 .text.uart_cmd
                0x08002bc0       0x12 ./objects/tremo_uart.o
                0x08002bc0                uart_cmd
 *fill*         0x08002bd2        0x2 
 .text.uart_init
                0x08002bd4      0x140 ./objects/tremo_uart.o
                0x08002bd4                uart_init
 .text.DelayMs  0x08002d14        0x4 ./objects/delay.o
                0x08002d14                DelayMs
 .text.TimeStampsUpdate
                0x08002d18       0x2c ./objects/timer.o
 .text.TimerInsertNewHeadTimer
                0x08002d44       0x1c ./objects/timer.o
 .text.TimerSetSysTime
                0x08002d60       0x30 ./objects/timer.o
                0x08002d60                TimerSetSysTime
 .text.TimerInit
                0x08002d90        0xe ./objects/timer.o
                0x08002d90                TimerInit
 *fill*         0x08002d9e        0x2 
 .text.TimerStart
                0x08002da0       0x78 ./objects/timer.o
                0x08002da0                TimerStart
 .text.TimerIrqHandler
                0x08002e18       0x68 ./objects/timer.o
                0x08002e18                TimerIrqHandler
 .text.TimerStop
                0x08002e80       0x60 ./objects/timer.o
                0x08002e80                TimerStop
 .text.TimerSetValue
                0x08002ee0       0x10 ./objects/timer.o
                0x08002ee0                TimerSetValue
 .text.TimerGetCurrentTime
                0x08002ef0       0x18 ./objects/timer.o
                0x08002ef0                TimerGetCurrentTime
 .text.TimerGetSysTime
                0x08002f08       0x2c ./objects/timer.o
                0x08002f08                TimerGetSysTime
 .text.TimerGetElapsedTime
                0x08002f34       0x12 ./objects/timer.o
                0x08002f34                TimerGetElapsedTime
 .text.AES_CMAC_Init
                0x08002f46       0x14 ./objects/cmac.o
                0x08002f46                AES_CMAC_Init
 .text.AES_CMAC_SetKey
                0x08002f5a        0xc ./objects/cmac.o
                0x08002f5a                AES_CMAC_SetKey
 .text.AES_CMAC_Update
                0x08002f66       0xb0 ./objects/cmac.o
                0x08002f66                AES_CMAC_Update
 .text.AES_CMAC_Final
                0x08003016      0x168 ./objects/cmac.o
                0x08003016                AES_CMAC_Final
 .text.RadioCheckRfFrequency
                0x0800317e        0x4 ./objects/radio.o
                0x0800317e                RadioCheckRfFrequency
 *fill*         0x08003182        0x2 
 .text.RadioOnTxTimeoutIrq
                0x08003184       0x14 ./objects/radio.o
                0x08003184                RadioOnTxTimeoutIrq
 .text.RadioOnRxTimeoutIrq
                0x08003198       0x14 ./objects/radio.o
                0x08003198                RadioOnRxTimeoutIrq
 .text.RadioStandby
                0x080031ac        0x6 ./objects/radio.o
                0x080031ac                RadioStandby
 *fill*         0x080031b2        0x2 
 .text.RadioInit
                0x080031b4       0x6c ./objects/radio.o
                0x080031b4                RadioInit
 .text.RadioGetStatus
                0x08003220       0x18 ./objects/radio.o
                0x08003220                RadioGetStatus
 .text.RadioSetChannel
                0x08003238        0x4 ./objects/radio.o
                0x08003238                RadioSetChannel
 .text.RadioRssi
                0x0800323c        0xa ./objects/radio.o
                0x0800323c                RadioRssi
 .text.RadioRead
                0x08003246        0x4 ./objects/radio.o
                0x08003246                RadioRead
 .text.RadioWrite
                0x0800324a        0x4 ./objects/radio.o
                0x0800324a                RadioWrite
 *fill*         0x0800324e        0x2 
 .text.RadioSend
                0x08003250       0x58 ./objects/radio.o
                0x08003250                RadioSend
 .text.RadioSleep
                0x080032a8       0x14 ./objects/radio.o
                0x080032a8                RadioSleep
 .text.RadioSetRxDutyCycle
                0x080032bc        0x4 ./objects/radio.o
                0x080032bc                RadioSetRxDutyCycle
 .text.RadioStartCad
                0x080032c0       0x6c ./objects/radio.o
                0x080032c0                RadioStartCad
 .text.RadioSetTxContinuousWave
                0x0800332c       0x4c ./objects/radio.o
                0x0800332c                RadioSetTxContinuousWave
 .text.RadioWriteBuffer
                0x08003378        0x4 ./objects/radio.o
                0x08003378                RadioWriteBuffer
 .text.RadioReadBuffer
                0x0800337c        0x4 ./objects/radio.o
                0x0800337c                RadioReadBuffer
 .text.RadioGetWakeupTime
                0x08003380        0xa ./objects/radio.o
                0x08003380                RadioGetWakeupTime
 *fill*         0x0800338a        0x2 
 .text.RadioOnCadTimeoutIrq
                0x0800338c       0x20 ./objects/radio.o
                0x0800338c                RadioOnCadTimeoutIrq
 .text.RadioGetFskBandwidthRegValue
                0x080033ac       0x34 ./objects/radio.o
 .text.RadioSetMaxPayloadLength
                0x080033e0       0x30 ./objects/radio.o
                0x080033e0                RadioSetMaxPayloadLength
 .text.RadioRx  0x08003410       0x48 ./objects/radio.o
                0x08003410                RadioRx
 .text.RadioRxBoosted
                0x08003458       0x44 ./objects/radio.o
                0x08003458                RadioRxBoosted
 .text.RadioIrqProcess
                0x0800349c      0x178 ./objects/radio.o
                0x0800349c                RadioIrqProcess
 .text.RadioSetPublicNetwork
                0x08003614       0x40 ./objects/radio.o
                0x08003614                RadioSetPublicNetwork
 .text.RadioSetModem.part.0
                0x08003654       0x28 ./objects/radio.o
 .text.RadioSetModem
                0x0800367c       0x24 ./objects/radio.o
                0x0800367c                RadioSetModem
 .text.RadioIsChannelFree
                0x080036a0       0x4c ./objects/radio.o
                0x080036a0                RadioIsChannelFree
 .text.RadioRandom
                0x080036ec       0x3c ./objects/radio.o
                0x080036ec                RadioRandom
 .text.RadioSymbTime
                0x08003728       0x2c ./objects/radio.o
                0x08003728                RadioSymbTime
 *fill*         0x08003754        0x4 
 .text.RadioSetRxConfig
                0x08003758      0x228 ./objects/radio.o
                0x08003758                RadioSetRxConfig
 .text.RadioSetTxConfig
                0x08003980      0x1ac ./objects/radio.o
                0x08003980                RadioSetTxConfig
 *fill*         0x08003b2c        0x4 
 .text.RadioTimeOnAir
                0x08003b30      0x198 ./objects/radio.o
                0x08003b30                RadioTimeOnAir
 .text.RadioOnDioIrq
                0x08003cc8       0x24 ./objects/radio.o
                0x08003cc8                RadioOnDioIrq
 .text.SX126xGetOperatingMode
                0x08003cec        0xc ./objects/sx126x.o
                0x08003cec                SX126xGetOperatingMode
 .text.SX126xSetOperatingMode
                0x08003cf8        0xc ./objects/sx126x.o
                0x08003cf8                SX126xSetOperatingMode
 .text.SX126xCheckDeviceReady
                0x08003d04       0x24 ./objects/sx126x.o
                0x08003d04                SX126xCheckDeviceReady
 .text.SX126xSetPayload
                0x08003d28        0xa ./objects/sx126x.o
                0x08003d28                SX126xSetPayload
 .text.SX126xSetSyncWord
                0x08003d32       0x12 ./objects/sx126x.o
                0x08003d32                SX126xSetSyncWord
 .text.SX126xSetCrcSeed
                0x08003d44       0x28 ./objects/sx126x.o
                0x08003d44                SX126xSetCrcSeed
 .text.SX126xSetCrcPolynomial
                0x08003d6c       0x28 ./objects/sx126x.o
                0x08003d6c                SX126xSetCrcPolynomial
 .text.SX126xSetWhiteningSeed
                0x08003d94       0x38 ./objects/sx126x.o
                0x08003d94                SX126xSetWhiteningSeed
 .text.SX126xSetSleep
                0x08003dcc       0x24 ./objects/sx126x.o
                0x08003dcc                SX126xSetSleep
 .text.SX126xSetStandby
                0x08003df0       0x2c ./objects/sx126x.o
                0x08003df0                SX126xSetStandby
 .text.SX126xSetTx
                0x08003e1c       0x2c ./objects/sx126x.o
                0x08003e1c                SX126xSetTx
 .text.SX126xSendPayload
                0x08003e48       0x12 ./objects/sx126x.o
                0x08003e48                SX126xSendPayload
 *fill*         0x08003e5a        0x2 
 .text.SX126xSetRx
                0x08003e5c       0x2c ./objects/sx126x.o
                0x08003e5c                SX126xSetRx
 .text.SX126xSetRxBoosted
                0x08003e88       0x38 ./objects/sx126x.o
                0x08003e88                SX126xSetRxBoosted
 .text.SX126xSetRxDutyCycle
                0x08003ec0       0x3c ./objects/sx126x.o
                0x08003ec0                SX126xSetRxDutyCycle
 .text.SX126xSetCad
                0x08003efc       0x18 ./objects/sx126x.o
                0x08003efc                SX126xSetCad
 .text.SX126xSetTxContinuousWave
                0x08003f14        0xa ./objects/sx126x.o
                0x08003f14                SX126xSetTxContinuousWave
 .text.SX126xSetStopRxTimerOnPreambleDetect
                0x08003f1e       0x18 ./objects/sx126x.o
                0x08003f1e                SX126xSetStopRxTimerOnPreambleDetect
 .text.SX126xSetLoRaSymbNumTimeout
                0x08003f36       0x18 ./objects/sx126x.o
                0x08003f36                SX126xSetLoRaSymbNumTimeout
 .text.SX126xSetRegulatorMode
                0x08003f4e       0x18 ./objects/sx126x.o
                0x08003f4e                SX126xSetRegulatorMode
 *fill*         0x08003f66        0x2 
 .text.SX126xCalibrateImage
                0x08003f68       0x78 ./objects/sx126x.o
                0x08003f68                SX126xCalibrateImage
 .text.SX126xSetPaConfig
                0x08003fe0       0x24 ./objects/sx126x.o
                0x08003fe0                SX126xSetPaConfig
 .text.SX126xSetDioIrqParams
                0x08004004       0x38 ./objects/sx126x.o
                0x08004004                SX126xSetDioIrqParams
 .text.SX126xGetIrqStatus
                0x0800403c       0x1a ./objects/sx126x.o
                0x0800403c                SX126xGetIrqStatus
 .text.SX126xSetDio2AsRfSwitchCtrl
                0x08004056       0x18 ./objects/sx126x.o
                0x08004056                SX126xSetDio2AsRfSwitchCtrl
 *fill*         0x0800406e        0x2 
 .text.SX126xInit
                0x08004070       0x28 ./objects/sx126x.o
                0x08004070                SX126xInit
 .text.SX126xSetRfFrequency
                0x08004098       0x5c ./objects/sx126x.o
                0x08004098                SX126xSetRfFrequency
 .text.SX126xSetPacketType
                0x080040f4       0x20 ./objects/sx126x.o
                0x080040f4                SX126xSetPacketType
 .text.SX126xGetPacketType
                0x08004114        0xc ./objects/sx126x.o
                0x08004114                SX126xGetPacketType
 .text.SX126xSetTxParams
                0x08004120       0xbc ./objects/sx126x.o
                0x08004120                SX126xSetTxParams
 *fill*         0x080041dc        0x4 
 .text.SX126xSetModulationParams
                0x080041e0       0xcc ./objects/sx126x.o
                0x080041e0                SX126xSetModulationParams
 .text.SX126xSetPacketParams
                0x080042ac       0xcc ./objects/sx126x.o
                0x080042ac                SX126xSetPacketParams
 .text.SX126xSetCadParams
                0x08004378       0x3c ./objects/sx126x.o
                0x08004378                SX126xSetCadParams
 .text.SX126xSetBufferBaseAddress
                0x080043b4       0x1a ./objects/sx126x.o
                0x080043b4                SX126xSetBufferBaseAddress
 .text.SX126xGetRssiInst
                0x080043ce       0x1a ./objects/sx126x.o
                0x080043ce                SX126xGetRssiInst
 .text.SX126xGetRxBufferStatus
                0x080043e8       0x48 ./objects/sx126x.o
                0x080043e8                SX126xGetRxBufferStatus
 .text.SX126xGetPayload
                0x08004430       0x32 ./objects/sx126x.o
                0x08004430                SX126xGetPayload
 *fill*         0x08004462        0x2 
 .text.SX126xGetPacketStatus
                0x08004464       0x80 ./objects/sx126x.o
                0x08004464                SX126xGetPacketStatus
 .text.SX126xClearIrqStatus
                0x080044e4       0x1c ./objects/sx126x.o
                0x080044e4                SX126xClearIrqStatus
 .text.RtcInit  0x08004500       0x30 ./objects/rtc-board.o
                0x08004500                RtcInit
 .text.RtcSetTimeout
                0x08004530       0x8c ./objects/rtc-board.o
                0x08004530                RtcSetTimeout
 .text.RtcStopTimeout
                0x080045bc       0x14 ./objects/rtc-board.o
                0x080045bc                RtcStopTimeout
 .text.RtcGetTimerContext
                0x080045d0        0xc ./objects/rtc-board.o
                0x080045d0                RtcGetTimerContext
 .text.RtcGetTimerValue
                0x080045dc      0x10c ./objects/rtc-board.o
                0x080045dc                RtcGetTimerValue
 .text.RtcSetTimerContext
                0x080046e8       0x18 ./objects/rtc-board.o
                0x080046e8                RtcSetTimerContext
 .text.RtcGetElapsedTime
                0x08004700       0x18 ./objects/rtc-board.o
                0x08004700                RtcGetElapsedTime
 .text.RtcOnIrq
                0x08004718       0x32 ./objects/rtc-board.o
                0x08004718                RtcOnIrq
 .text.BoardDisableIrq
                0x0800474a        0x4 ./objects/sx1262-board.o
                0x0800474a                BoardDisableIrq
 .text.BoardEnableIrq
                0x0800474e        0x4 ./objects/sx1262-board.o
                0x0800474e                BoardEnableIrq
 *fill*         0x08004752        0x2 
 .text.SpiInOut
                0x08004754       0x18 ./objects/sx1262-board.o
                0x08004754                SpiInOut
 .text.SX126xLoracInit
                0x0800476c       0x5c ./objects/sx1262-board.o
                0x0800476c                SX126xLoracInit
 .text.SX126xGetBoardTcxoWakeupTime
                0x080047c8        0x4 ./objects/sx1262-board.o
                0x080047c8                SX126xGetBoardTcxoWakeupTime
 .text.SX126xReset
                0x080047cc       0x40 ./objects/sx1262-board.o
                0x080047cc                SX126xReset
 .text.SX126xWaitOnBusy
                0x0800480c       0x18 ./objects/sx1262-board.o
                0x0800480c                SX126xWaitOnBusy
 .text.SX126xWakeup
                0x08004824       0x30 ./objects/sx1262-board.o
                0x08004824                SX126xWakeup
 .text.SX126xWriteCommand
                0x08004854       0x44 ./objects/sx1262-board.o
                0x08004854                SX126xWriteCommand
 .text.SX126xReadCommand
                0x08004898       0x48 ./objects/sx1262-board.o
                0x08004898                SX126xReadCommand
 .text.SX126xWriteRegisters
                0x080048e0       0x48 ./objects/sx1262-board.o
                0x080048e0                SX126xWriteRegisters
 .text.SX126xWriteRegister
                0x08004928       0x16 ./objects/sx1262-board.o
                0x08004928                SX126xWriteRegister
 *fill*         0x0800493e        0x2 
 .text.SX126xReadRegisters
                0x08004940       0x50 ./objects/sx1262-board.o
                0x08004940                SX126xReadRegisters
 .text.SX126xReadRegister
                0x08004990       0x16 ./objects/sx1262-board.o
                0x08004990                SX126xReadRegister
 *fill*         0x080049a6        0x2 
 .text.SX126xWriteBuffer
                0x080049a8       0x44 ./objects/sx1262-board.o
                0x080049a8                SX126xWriteBuffer
 .text.SX126xReadBuffer
                0x080049ec       0x4c ./objects/sx1262-board.o
                0x080049ec                SX126xReadBuffer
 .text.SX126xSetRfTxPower
                0x08004a38        0x6 ./objects/sx1262-board.o
                0x08004a38                SX126xSetRfTxPower
 .text.SX126xGetPaSelect
                0x08004a3e        0x4 ./objects/sx1262-board.o
                0x08004a3e                SX126xGetPaSelect
 *fill*         0x08004a42        0x2 
 .text.SX126xAntSwOn
                0x08004a44       0x10 ./objects/sx1262-board.o
                0x08004a44                SX126xAntSwOn
 .text.SX126xAntSwOff
                0x08004a54       0x10 ./objects/sx1262-board.o
                0x08004a54                SX126xAntSwOff
 .text.rand1    0x08004a64       0x28 ./objects/utilities.o
                0x08004a64                rand1
 .text.srand1   0x08004a8c        0xc ./objects/utilities.o
                0x08004a8c                srand1
 .text.randr    0x08004a98       0x1a ./objects/utilities.o
                0x08004a98                randr
 .text.memcpy1  0x08004ab2       0x14 ./objects/utilities.o
                0x08004ab2                memcpy1
 .text.memcpyr  0x08004ac6       0x14 ./objects/utilities.o
                0x08004ac6                memcpyr
 .text.memset1  0x08004ada        0x4 ./objects/utilities.o
                0x08004ada                memset1
 *fill*         0x08004ade        0x2 
 .text.SetMlmeScheduleUplinkIndication
                0x08004ae0       0x14 ./objects/loramac.o
 .text.AddMacCommand
                0x08004af4      0x17c ./objects/loramac.o
 .text.ResetMacParameters
                0x08004c70       0x90 ./objects/loramac.o
 .text.ValidatePayloadLength
                0x08004d00       0x54 ./objects/loramac.o
 .text.OnAckTimeoutTimerEvent
                0x08004d54       0x3c ./objects/loramac.o
 .text.PrepareRxDoneAbort
                0x08004d90       0x54 ./objects/loramac.o
 .text.ProcessMacCommands
                0x08004de4      0x484 ./objects/loramac.o
 .text.OnRadioRxDone
                0x08005268      0x570 ./objects/loramac.o
 .text.RxWindowSetup
                0x080057d8       0x14 ./objects/loramac.o
 .text.OnRxWindow2TimerEvent
                0x080057ec       0x70 ./objects/loramac.o
 .text.OpenContinuousRx2Window
                0x0800585c       0x14 ./objects/loramac.o
 .text.OnRadioRxTimeout
                0x08005870       0xd4 ./objects/loramac.o
 .text.OnRadioTxTimeout
                0x08005944       0x34 ./objects/loramac.o
 .text.OnRadioRxError
                0x08005978       0xd4 ./objects/loramac.o
 .text.OnRadioTxDone
                0x08005a4c      0x124 ./objects/loramac.o
 .text.OnRxWindow1TimerEvent
                0x08005b70       0x70 ./objects/loramac.o
 .text.PrepareFrame
                0x08005be0      0x374 ./objects/loramac.o
                0x08005be0                PrepareFrame
 .text.SendFrameOnChannel
                0x08005f54      0x118 ./objects/loramac.o
                0x08005f54                SendFrameOnChannel
 .text.ScheduleTx
                0x0800606c      0x19c ./objects/loramac.o
 .text.Send     0x08006208       0x50 ./objects/loramac.o
                0x08006208                Send
 .text.OnTxDelayedTimerEvent
                0x08006258       0x70 ./objects/loramac.o
 .text.OnMacStateCheckTimerEvent
                0x080062c8      0x320 ./objects/loramac.o
 .text.SetTxContinuousWave
                0x080065e8       0x60 ./objects/loramac.o
                0x080065e8                SetTxContinuousWave
 .text.SetTxContinuousWave1
                0x08006648       0x40 ./objects/loramac.o
                0x08006648                SetTxContinuousWave1
 .text.LoRaMacInitialization
                0x08006688      0x314 ./objects/loramac.o
                0x08006688                LoRaMacInitialization
 .text.LoRaMacQueryTxPossible
                0x0800699c       0xcc ./objects/loramac.o
                0x0800699c                LoRaMacQueryTxPossible
 .text.LoRaMacMibGetRequestConfirm
                0x08006a68      0x168 ./objects/loramac.o
                0x08006a68                LoRaMacMibGetRequestConfirm
 .text.LoRaMacMulticastChannelLink
                0x08006bd0       0x40 ./objects/loramac.o
                0x08006bd0                LoRaMacMulticastChannelLink
 .text.LoRaMacMulticastChannelUnlink
                0x08006c10       0x44 ./objects/loramac.o
                0x08006c10                LoRaMacMulticastChannelUnlink
 .text.LoRaMacMibSetRequestConfirm
                0x08006c54      0x354 ./objects/loramac.o
                0x08006c54                LoRaMacMibSetRequestConfirm
 .text.LoRaMacMlmeRequest
                0x08006fa8      0x21c ./objects/loramac.o
                0x08006fa8                LoRaMacMlmeRequest
 .text.LoRaMacMcpsRequest
                0x080071c4      0x120 ./objects/loramac.o
                0x080071c4                LoRaMacMcpsRequest
 .text.LoRaMacClassBInit
                0x080072e4        0x2 ./objects/loramacclassb.o
                0x080072e4                LoRaMacClassBInit
 .text.LoRaMacClassBSetBeaconState
                0x080072e6        0x2 ./objects/loramacclassb.o
                0x080072e6                LoRaMacClassBSetBeaconState
 .text.LoRaMacClassBSetPingSlotState
                0x080072e8        0x2 ./objects/loramacclassb.o
                0x080072e8                LoRaMacClassBSetPingSlotState
 .text.LoRaMacClassBSetMulticastSlotState
                0x080072ea        0x2 ./objects/loramacclassb.o
                0x080072ea                LoRaMacClassBSetMulticastSlotState
 .text.LoRaMacClassBIsAcquisitionInProgress
                0x080072ec        0x4 ./objects/loramacclassb.o
                0x080072ec                LoRaMacClassBIsAcquisitionInProgress
 .text.LoRaMacClassBBeaconTimerEvent
                0x080072f0        0x2 ./objects/loramacclassb.o
                0x080072f0                LoRaMacClassBBeaconTimerEvent
 .text.LoRaMacClassBPingSlotTimerEvent
                0x080072f2        0x2 ./objects/loramacclassb.o
                0x080072f2                LoRaMacClassBPingSlotTimerEvent
 .text.LoRaMacClassBMulticastSlotTimerEvent
                0x080072f4        0x2 ./objects/loramacclassb.o
                0x080072f4                LoRaMacClassBMulticastSlotTimerEvent
 .text.LoRaMacClassBRxBeacon
                0x080072f6        0x4 ./objects/loramacclassb.o
                0x080072f6                LoRaMacClassBRxBeacon
 .text.LoRaMacClassBIsBeaconExpected
                0x080072fa        0x4 ./objects/loramacclassb.o
                0x080072fa                LoRaMacClassBIsBeaconExpected
 .text.LoRaMacClassBIsPingExpected
                0x080072fe        0x4 ./objects/loramacclassb.o
                0x080072fe                LoRaMacClassBIsPingExpected
 .text.LoRaMacClassBIsMulticastExpected
                0x08007302        0x4 ./objects/loramacclassb.o
                0x08007302                LoRaMacClassBIsMulticastExpected
 .text.LoRaMacClassBIsBeaconModeActive
                0x08007306        0x4 ./objects/loramacclassb.o
                0x08007306                LoRaMacClassBIsBeaconModeActive
 .text.LoRaMacClassBSetPingSlotInfo
                0x0800730a        0x2 ./objects/loramacclassb.o
                0x0800730a                LoRaMacClassBSetPingSlotInfo
 .text.LoRaMacClassBHaltBeaconing
                0x0800730c        0x2 ./objects/loramacclassb.o
                0x0800730c                LoRaMacClassBHaltBeaconing
 .text.LoRaMacClassBResumeBeaconing
                0x0800730e        0x2 ./objects/loramacclassb.o
                0x0800730e                LoRaMacClassBResumeBeaconing
 .text.LoRaMacClassBSwitchClass
                0x08007310        0x4 ./objects/loramacclassb.o
                0x08007310                LoRaMacClassBSwitchClass
 .text.LoRaMacClassBMibGetRequestConfirm
                0x08007314        0x4 ./objects/loramacclassb.o
                0x08007314                LoRaMacClassBMibGetRequestConfirm
 .text.LoRaMacMibClassBSetRequestConfirm
                0x08007318        0x4 ./objects/loramacclassb.o
                0x08007318                LoRaMacMibClassBSetRequestConfirm
 .text.LoRaMacClassBPingSlotInfoAns
                0x0800731c        0x2 ./objects/loramacclassb.o
                0x0800731c                LoRaMacClassBPingSlotInfoAns
 .text.LoRaMacClassBPingSlotChannelReq
                0x0800731e        0x4 ./objects/loramacclassb.o
                0x0800731e                LoRaMacClassBPingSlotChannelReq
 .text.LoRaMacClassBBeaconTimingAns
                0x08007322        0x2 ./objects/loramacclassb.o
                0x08007322                LoRaMacClassBBeaconTimingAns
 .text.LoRaMacClassBDeviceTimeAns
                0x08007324        0x2 ./objects/loramacclassb.o
                0x08007324                LoRaMacClassBDeviceTimeAns
 .text.LoRaMacClassBBeaconFreqReq
                0x08007326        0x4 ./objects/loramacclassb.o
                0x08007326                LoRaMacClassBBeaconFreqReq
 .text.LoRaMacClassBIsUplinkCollision
                0x0800732a        0x6 ./objects/loramacclassb.o
                0x0800732a                LoRaMacClassBIsUplinkCollision
 .text.LoRaMacClassBStopRxSlots
                0x08007330        0x2 ./objects/loramacclassb.o
                0x08007330                LoRaMacClassBStopRxSlots
 .text.LoRaMacClassBSetMulticastPeriodicity
                0x08007332        0x2 ./objects/loramacclassb.o
                0x08007332                LoRaMacClassBSetMulticastPeriodicity
 .text.LoRaMacConfirmQueueInit
                0x08007334       0x28 ./objects/loramacconfirmqueue.o
                0x08007334                LoRaMacConfirmQueueInit
 .text.LoRaMacConfirmQueueAdd
                0x0800735c       0x40 ./objects/loramacconfirmqueue.o
                0x0800735c                LoRaMacConfirmQueueAdd
 .text.LoRaMacConfirmQueueRemoveLast
                0x0800739c       0x28 ./objects/loramacconfirmqueue.o
                0x0800739c                LoRaMacConfirmQueueRemoveLast
 .text.LoRaMacConfirmQueueRemoveFirst
                0x080073c4       0x28 ./objects/loramacconfirmqueue.o
                0x080073c4                LoRaMacConfirmQueueRemoveFirst
 .text.LoRaMacConfirmQueueSetStatus
                0x080073ec       0x34 ./objects/loramacconfirmqueue.o
                0x080073ec                LoRaMacConfirmQueueSetStatus
 .text.LoRaMacConfirmQueueGetStatus
                0x08007420       0x30 ./objects/loramacconfirmqueue.o
                0x08007420                LoRaMacConfirmQueueGetStatus
 .text.LoRaMacConfirmQueueSetStatusCmn
                0x08007450       0x34 ./objects/loramacconfirmqueue.o
                0x08007450                LoRaMacConfirmQueueSetStatusCmn
 .text.LoRaMacConfirmQueueGetStatusCmn
                0x08007484        0xc ./objects/loramacconfirmqueue.o
                0x08007484                LoRaMacConfirmQueueGetStatusCmn
 .text.LoRaMacConfirmQueueIsCmdActive
                0x08007490       0x2c ./objects/loramacconfirmqueue.o
                0x08007490                LoRaMacConfirmQueueIsCmdActive
 .text.LoRaMacConfirmQueueHandleCb
                0x080074bc       0x54 ./objects/loramacconfirmqueue.o
                0x080074bc                LoRaMacConfirmQueueHandleCb
 .text.LoRaMacConfirmQueueGetCnt
                0x08007510        0xc ./objects/loramacconfirmqueue.o
                0x08007510                LoRaMacConfirmQueueGetCnt
 .text.LoRaMacConfirmQueueIsFull
                0x0800751c       0x14 ./objects/loramacconfirmqueue.o
                0x0800751c                LoRaMacConfirmQueueIsFull
 .text.LoRaMacComputeMic
                0x08007530       0x70 ./objects/loramaccrypto.o
                0x08007530                LoRaMacComputeMic
 .text.LoRaMacPayloadEncrypt
                0x080075a0       0xf4 ./objects/loramaccrypto.o
                0x080075a0                LoRaMacPayloadEncrypt
 .text.LoRaMacPayloadDecrypt
                0x08007694       0x10 ./objects/loramaccrypto.o
                0x08007694                LoRaMacPayloadDecrypt
 .text.LoRaMacJoinComputeMic
                0x080076a4       0x3c ./objects/loramaccrypto.o
                0x080076a4                LoRaMacJoinComputeMic
 .text.LoRaMacJoinDecrypt
                0x080076e0       0x3e ./objects/loramaccrypto.o
                0x080076e0                LoRaMacJoinDecrypt
 .text.LoRaMacJoinComputeSKeys
                0x0800771e       0x86 ./objects/loramaccrypto.o
                0x0800771e                LoRaMacJoinComputeSKeys
 .text.RegionIsActive
                0x080077a4        0x8 ./objects/region.o
                0x080077a4                RegionIsActive
 .text.RegionGetPhyParam
                0x080077ac       0x14 ./objects/region.o
                0x080077ac                RegionGetPhyParam
 .text.RegionSetBandTxDone
                0x080077c0        0xc ./objects/region.o
                0x080077c0                RegionSetBandTxDone
 .text.RegionInitDefaults
                0x080077cc        0xc ./objects/region.o
                0x080077cc                RegionInitDefaults
 .text.RegionVerify
                0x080077d8       0x12 ./objects/region.o
                0x080077d8                RegionVerify
 .text.RegionApplyCFList
                0x080077ea        0xc ./objects/region.o
                0x080077ea                RegionApplyCFList
 .text.RegionChanMaskSet
                0x080077f6        0xe ./objects/region.o
                0x080077f6                RegionChanMaskSet
 .text.RegionAdrNext
                0x08007804       0x20 ./objects/region.o
                0x08007804                RegionAdrNext
 .text.RegionComputeRxWindowParameters
                0x08007824       0x1e ./objects/region.o
                0x08007824                RegionComputeRxWindowParameters
 .text.RegionRxConfig
                0x08007842       0x12 ./objects/region.o
                0x08007842                RegionRxConfig
 .text.RegionTxConfig
                0x08007854       0x1e ./objects/region.o
                0x08007854                RegionTxConfig
 .text.RegionLinkAdrReq
                0x08007872       0x20 ./objects/region.o
                0x08007872                RegionLinkAdrReq
 .text.RegionRxParamSetupReq
                0x08007892        0xe ./objects/region.o
                0x08007892                RegionRxParamSetupReq
 .text.RegionNewChannelReq
                0x080078a0        0xe ./objects/region.o
                0x080078a0                RegionNewChannelReq
 .text.RegionTxParamSetupReq
                0x080078ae        0xe ./objects/region.o
                0x080078ae                RegionTxParamSetupReq
 .text.RegionDlChannelReq
                0x080078bc        0xe ./objects/region.o
                0x080078bc                RegionDlChannelReq
 .text.RegionAlternateDr
                0x080078ca        0xe ./objects/region.o
                0x080078ca                RegionAlternateDr
 .text.RegionCalcBackOff
                0x080078d8        0xc ./objects/region.o
                0x080078d8                RegionCalcBackOff
 .text.RegionNextChannel
                0x080078e4       0x20 ./objects/region.o
                0x080078e4                RegionNextChannel
 .text.RegionSetContinuousWave
                0x08007904        0xc ./objects/region.o
                0x08007904                RegionSetContinuousWave
 .text.RegionApplyDrOffset
                0x08007910       0x1e ./objects/region.o
                0x08007910                RegionApplyDrOffset
 *fill*         0x0800792e        0x2 
 .text.RegionCommonGetJoinDc
                0x08007930       0x28 ./objects/regioncommon.o
                0x08007930                RegionCommonGetJoinDc
 .text.RegionCommonChanVerifyDr
                0x08007958       0x66 ./objects/regioncommon.o
                0x08007958                RegionCommonChanVerifyDr
 .text.RegionCommonValueInRange
                0x080079be       0x12 ./objects/regioncommon.o
                0x080079be                RegionCommonValueInRange
 .text.RegionCommonCountChannels
                0x080079d0       0x3c ./objects/regioncommon.o
                0x080079d0                RegionCommonCountChannels
 .text.RegionCommonChanMaskCopy
                0x08007a0c       0x1e ./objects/regioncommon.o
                0x08007a0c                RegionCommonChanMaskCopy
 .text.RegionCommonSetBandTxDone
                0x08007a2a        0xe ./objects/regioncommon.o
                0x08007a2a                RegionCommonSetBandTxDone
 .text.RegionCommonUpdateBandTimeOff
                0x08007a38      0x100 ./objects/regioncommon.o
                0x08007a38                RegionCommonUpdateBandTimeOff
 .text.RegionCommonParseLinkAdrReq
                0x08007b38       0x34 ./objects/regioncommon.o
                0x08007b38                RegionCommonParseLinkAdrReq
 .text.RegionCommonComputeSymbolTimeLoRa
                0x08007b6c       0x34 ./objects/regioncommon.o
                0x08007b6c                RegionCommonComputeSymbolTimeLoRa
 .text.RegionCommonComputeRxWindowParameters
                0x08007ba0       0xac ./objects/regioncommon.o
                0x08007ba0                RegionCommonComputeRxWindowParameters
 .text.RegionCommonComputeTxPower
                0x08007c4c       0x30 ./objects/regioncommon.o
                0x08007c4c                RegionCommonComputeTxPower
 .text.RegionCN470GetPhyParam
                0x08007c7c      0x108 ./objects/regioncn470.o
                0x08007c7c                RegionCN470GetPhyParam
 .text.RegionCN470SetBandTxDone
                0x08007d84       0x2c ./objects/regioncn470.o
                0x08007d84                RegionCN470SetBandTxDone
 .text.RegionCN470InitDefaults
                0x08007db0       0x6c ./objects/regioncn470.o
                0x08007db0                RegionCN470InitDefaults
 .text.RegionCN470Verify
                0x08007e1c       0x3c ./objects/regioncn470.o
                0x08007e1c                RegionCN470Verify
 .text.RegionCN470ApplyCFList
                0x08007e58        0x2 ./objects/regioncn470.o
                0x08007e58                RegionCN470ApplyCFList
 *fill*         0x08007e5a        0x2 
 .text.RegionCN470ChanMaskSet
                0x08007e5c       0x34 ./objects/regioncn470.o
                0x08007e5c                RegionCN470ChanMaskSet
 .text.RegionCN470AdrNext
                0x08007e90       0x80 ./objects/regioncn470.o
                0x08007e90                RegionCN470AdrNext
 .text.RegionCN470ComputeRxWindowParameters
                0x08007f10       0x78 ./objects/regioncn470.o
                0x08007f10                RegionCN470ComputeRxWindowParameters
 .text.RegionCN470RxConfig
                0x08007f88       0xac ./objects/regioncn470.o
                0x08007f88                RegionCN470RxConfig
 .text.RegionCN470TxConfig
                0x08008034       0xb8 ./objects/regioncn470.o
                0x08008034                RegionCN470TxConfig
 .text.RegionCN470LinkAdrReq
                0x080080ec      0x12c ./objects/regioncn470.o
                0x080080ec                RegionCN470LinkAdrReq
 .text.RegionCN470RxParamSetupReq
                0x08008218       0x68 ./objects/regioncn470.o
                0x08008218                RegionCN470RxParamSetupReq
 .text.RegionCN470NewChannelReq
                0x08008280        0x4 ./objects/regioncn470.o
                0x08008280                RegionCN470NewChannelReq
 .text.RegionCN470TxParamSetupReq
                0x08008284        0x6 ./objects/regioncn470.o
                0x08008284                RegionCN470TxParamSetupReq
 .text.RegionCN470DlChannelReq
                0x0800828a        0x4 ./objects/regioncn470.o
                0x0800828a                RegionCN470DlChannelReq
 .text.RegionCN470AlternateDr
                0x0800828e       0x3e ./objects/regioncn470.o
                0x0800828e                RegionCN470AlternateDr
 .text.RegionCN470CalcBackOff
                0x080082cc       0x68 ./objects/regioncn470.o
                0x080082cc                RegionCN470CalcBackOff
 .text.RegionCN470NextChannel
                0x08008334      0x160 ./objects/regioncn470.o
                0x08008334                RegionCN470NextChannel
 .text.RegionCN470SetContinuousWave
                0x08008494       0x4c ./objects/regioncn470.o
                0x08008494                RegionCN470SetContinuousWave
 .text.RegionCN470ApplyDrOffset
                0x080084e0        0xc ./objects/regioncn470.o
                0x080084e0                RegionCN470ApplyDrOffset
 .text.McpsConfirm
                0x080084ec        0xc ./objects/classc.o
 .text.BoardGetBatteryLevel
                0x080084f8        0x4 ./objects/classc.o
                0x080084f8                BoardGetBatteryLevel
 .text.MlmeConfirm
                0x080084fc       0x64 ./objects/classc.o
 .text.OnTxNextPacketTimerEvent
                0x08008560       0x5c ./objects/classc.o
 .text.MlmeIndication
                0x080085bc        0xc ./objects/classc.o
 .text.McpsIndication
                0x080085c8       0x60 ./objects/classc.o
 .text.app_start
                0x08008628      0x1bc ./objects/classc.o
                0x08008628                app_start
 .text.uart_log_init
                0x080087e4       0x40 ./objects/main.o
                0x080087e4                uart_log_init
 .text.board_init
                0x08008824       0x6a ./objects/main.o
                0x08008824                board_init
 .text.startup.main
                0x0800888e        0xe ./objects/main.o
                0x0800888e                main
 .text.NMI_Handler
                0x0800889c        0x2 ./objects/tremo_it.o
                0x0800889c                NMI_Handler
 .text.HardFault_Handler
                0x0800889e        0x2 ./objects/tremo_it.o
                0x0800889e                HardFault_Handler
 .text.MemManage_Handler
                0x080088a0        0x2 ./objects/tremo_it.o
                0x080088a0                MemManage_Handler
 .text.BusFault_Handler
                0x080088a2        0x2 ./objects/tremo_it.o
                0x080088a2                BusFault_Handler
 .text.UsageFault_Handler
                0x080088a4        0x2 ./objects/tremo_it.o
                0x080088a4                UsageFault_Handler
 .text.SVC_Handler
                0x080088a6        0x2 ./objects/tremo_it.o
                0x080088a6                SVC_Handler
 .text.PendSV_Handler
                0x080088a8        0x2 ./objects/tremo_it.o
                0x080088a8                PendSV_Handler
 .text.SysTick_Handler
                0x080088aa        0x2 ./objects/tremo_it.o
                0x080088aa                SysTick_Handler
 .text.PWR_IRQHandler
                0x080088ac        0x2 ./objects/tremo_it.o
                0x080088ac                PWR_IRQHandler
 .text.LORA_IRQHandler
                0x080088ae        0x4 ./objects/tremo_it.o
                0x080088ae                LORA_IRQHandler
 .text.RTC_IRQHandler
                0x080088b2        0x4 ./objects/tremo_it.o
                0x080088b2                RTC_IRQHandler
 *fill*         0x080088b6        0x2 
 .text.__libc_init_array
                0x080088b8       0x48 c:/gnu arm embedded toolchain/10 2021.10/bin/../lib/gcc/arm-none-eabi/10.3.1/../../../../arm-none-eabi/lib/thumb/v7e-m/nofp\libc.a(lib_a-init.o)
                0x080088b8                __libc_init_array
 .text.memset   0x08008900       0xa4 c:/gnu arm embedded toolchain/10 2021.10/bin/../lib/gcc/arm-none-eabi/10.3.1/../../../../arm-none-eabi/lib/thumb/v7e-m/nofp\libc.a(lib_a-memset.o)
                0x08008900                memset
 .text.startup.register_fini
                0x080089a4       0x14 c:/gnu arm embedded toolchain/10 2021.10/bin/../lib/gcc/arm-none-eabi/10.3.1/../../../../arm-none-eabi/lib/thumb/v7e-m/nofp\libc.a(lib_a-__call_atexit.o)
 .text.atexit   0x080089b8        0xc c:/gnu arm embedded toolchain/10 2021.10/bin/../lib/gcc/arm-none-eabi/10.3.1/../../../../arm-none-eabi/lib/thumb/v7e-m/nofp\libc.a(lib_a-atexit.o)
                0x080089b8                atexit
 .text.__libc_fini_array
                0x080089c4       0x2c c:/gnu arm embedded toolchain/10 2021.10/bin/../lib/gcc/arm-none-eabi/10.3.1/../../../../arm-none-eabi/lib/thumb/v7e-m/nofp\libc.a(lib_a-fini.o)
                0x080089c4                __libc_fini_array
 .text.__retarget_lock_acquire_recursive
                0x080089f0        0x4 c:/gnu arm embedded toolchain/10 2021.10/bin/../lib/gcc/arm-none-eabi/10.3.1/../../../../arm-none-eabi/lib/thumb/v7e-m/nofp\libc.a(lib_a-lock.o)
                0x080089f0                __retarget_lock_acquire_recursive
 .text.__retarget_lock_release_recursive
                0x080089f4        0x4 c:/gnu arm embedded toolchain/10 2021.10/bin/../lib/gcc/arm-none-eabi/10.3.1/../../../../arm-none-eabi/lib/thumb/v7e-m/nofp\libc.a(lib_a-lock.o)
                0x080089f4                __retarget_lock_release_recursive
 .text.__register_exitproc
                0x080089f8       0x8c c:/gnu arm embedded toolchain/10 2021.10/bin/../lib/gcc/arm-none-eabi/10.3.1/../../../../arm-none-eabi/lib/thumb/v7e-m/nofp\libc.a(lib_a-__atexit.o)
                0x080089f8                __register_exitproc
 *fill*         0x08008a84        0x4 
 .text.ceil     0x08008a88       0xf8 c:/gnu arm embedded toolchain/10 2021.10/bin/../lib/gcc/arm-none-eabi/10.3.1/../../../../arm-none-eabi/lib/thumb/v7e-m/nofp\libm.a(lib_a-s_ceil.o)
                0x08008a88                ceil
 .text.floor    0x08008b80       0xf8 c:/gnu arm embedded toolchain/10 2021.10/bin/../lib/gcc/arm-none-eabi/10.3.1/../../../../arm-none-eabi/lib/thumb/v7e-m/nofp\libm.a(lib_a-s_floor.o)
                0x08008b80                floor
 .text.rint     0x08008c78      0x138 c:/gnu arm embedded toolchain/10 2021.10/bin/../lib/gcc/arm-none-eabi/10.3.1/../../../../arm-none-eabi/lib/thumb/v7e-m/nofp\libm.a(lib_a-s_rint.o)
                0x08008c78                rint
 .text.round    0x08008db0       0x94 c:/gnu arm embedded toolchain/10 2021.10/bin/../lib/gcc/arm-none-eabi/10.3.1/../../../../arm-none-eabi/lib/thumb/v7e-m/nofp\libm.a(lib_a-s_round.o)
                0x08008db0                round
 *(.glue_7)
 .glue_7        0x08008e44        0x0 linker stubs
 *(.glue_7t)
 .glue_7t       0x08008e44        0x0 linker stubs
 *(.eh_frame)
 .eh_frame      0x08008e44        0x0 c:/gnu arm embedded toolchain/10 2021.10/bin/../lib/gcc/arm-none-eabi/10.3.1/thumb/v7e-m/nofp/crtbegin.o
 *(.init)
 .init          0x08008e44        0x4 c:/gnu arm embedded toolchain/10 2021.10/bin/../lib/gcc/arm-none-eabi/10.3.1/thumb/v7e-m/nofp/crti.o
                0x08008e44                _init
 .init          0x08008e48        0x8 c:/gnu arm embedded toolchain/10 2021.10/bin/../lib/gcc/arm-none-eabi/10.3.1/thumb/v7e-m/nofp/crtn.o
 *(.fini)
 .fini          0x08008e50        0x4 c:/gnu arm embedded toolchain/10 2021.10/bin/../lib/gcc/arm-none-eabi/10.3.1/thumb/v7e-m/nofp/crti.o
                0x08008e50                _fini
 .fini          0x08008e54        0x8 c:/gnu arm embedded toolchain/10 2021.10/bin/../lib/gcc/arm-none-eabi/10.3.1/thumb/v7e-m/nofp/crtn.o
                0x08008e5c                . = ALIGN (0x4)
                0x08008e5c                _etext = .

.vfp11_veneer   0x08008e5c        0x0
 .vfp11_veneer  0x08008e5c        0x0 linker stubs

.v4_bx          0x08008e5c        0x0
 .v4_bx         0x08008e5c        0x0 linker stubs

.iplt           0x08008e5c        0x0
 .iplt          0x08008e5c        0x0 c:/gnu arm embedded toolchain/10 2021.10/bin/../lib/gcc/arm-none-eabi/10.3.1/thumb/v7e-m/nofp/crtbegin.o

.rodata         0x08008e60      0x2f8
                0x08008e60                . = ALIGN (0x4)
 *(.rodata)
 .rodata        0x08008e60       0x50 ./objects/printf-stdarg.o
 .rodata        0x08008eb0        0xc ./objects/tremo_uart.o
 *fill*         0x08008ebc        0x4 
 .rodata        0x08008ec0      0x188 ./objects/radio.o
                0x08008ec0                FskBandwidths
                0x08008fd0                Bandwidths
                0x08008fdc                Radio
 .rodata        0x08009048       0x11 ./objects/sx126x.o
 .rodata        0x08009059       0x18 ./objects/rtc-board.o
 .rodata        0x08009071       0x10 ./objects/loramac.o
 *fill*         0x08009081        0x3 
 .rodata        0x08009084       0x26 ./objects/regioncn470.o
 *fill*         0x080090aa        0x2 
 .rodata        0x080090ac       0x10 ../../../../../drivers/crypto/lib/libcrypto.a(aes.o)
 *(.rodata*)
 .rodata.str1.1
                0x080090bc       0x19 ./objects/printf-stdarg.o
 .rodata.str1.1
                0x080090d5       0x6c ./objects/classc.o
                                 0x6f (size before relaxing)
 *fill*         0x08009141        0x3 
 .rodata._global_impure_ptr
                0x08009144        0x4 c:/gnu arm embedded toolchain/10 2021.10/bin/../lib/gcc/arm-none-eabi/10.3.1/../../../../arm-none-eabi/lib/thumb/v7e-m/nofp\libc.a(lib_a-impure.o)
                0x08009144                _global_impure_ptr
 .rodata.TWO52  0x08009148       0x10 c:/gnu arm embedded toolchain/10 2021.10/bin/../lib/gcc/arm-none-eabi/10.3.1/../../../../arm-none-eabi/lib/thumb/v7e-m/nofp\libm.a(lib_a-s_rint.o)
                0x08009158                . = ALIGN (0x4)

.ARM.extab
 *(.ARM.extab* .gnu.linkonce.armextab.*)

.ARM            0x08009158        0x8
                0x08009158                __exidx_start = .
 *(.ARM.exidx*)
 .ARM.exidx     0x08009158        0x8 c:/gnu arm embedded toolchain/10 2021.10/bin/../lib/gcc/arm-none-eabi/10.3.1/thumb/v7e-m/nofp\libgcc.a(_udivmoddi4.o)
                0x08009160                __exidx_end = .

.rel.dyn        0x08009160        0x0
 .rel.iplt      0x08009160        0x0 c:/gnu arm embedded toolchain/10 2021.10/bin/../lib/gcc/arm-none-eabi/10.3.1/thumb/v7e-m/nofp/crtbegin.o

.preinit_array  0x08009160        0x0
                0x08009160                PROVIDE (__preinit_array_start = .)
 *(.preinit_array*)
                0x08009160                PROVIDE (__preinit_array_end = .)

.init_array     0x08009160        0x8
                0x08009160                PROVIDE (__init_array_start = .)
 *(SORT_BY_NAME(.init_array.*))
 .init_array.00000
                0x08009160        0x4 c:/gnu arm embedded toolchain/10 2021.10/bin/../lib/gcc/arm-none-eabi/10.3.1/../../../../arm-none-eabi/lib/thumb/v7e-m/nofp\libc.a(lib_a-__call_atexit.o)
 *(.init_array*)
 .init_array    0x08009164        0x4 c:/gnu arm embedded toolchain/10 2021.10/bin/../lib/gcc/arm-none-eabi/10.3.1/thumb/v7e-m/nofp/crtbegin.o
                0x08009168                PROVIDE (__init_array_end = .)

.fini_array     0x08009168        0x4
                0x08009168                PROVIDE (__fini_array_start = .)
 *(SORT_BY_NAME(.fini_array.*))
 *(.fini_array*)
 .fini_array    0x08009168        0x4 c:/gnu arm embedded toolchain/10 2021.10/bin/../lib/gcc/arm-none-eabi/10.3.1/thumb/v7e-m/nofp/crtbegin.o
                0x0800916c                PROVIDE (__fini_array_end = .)
                0x0800916c                _sidata = LOADADDR (.data)

.data           0x20000000      0x49c load address 0x0800916c
                0x20000000                . = ALIGN (0x4)
                0x20000000                _sdata = .
 *(.data)
 .data          0x20000000        0x1 ./objects/radio.o
                0x20000000                MaxPayloadLength
 *fill*         0x20000001        0x3 
 .data          0x20000004        0x4 ./objects/utilities.o
 .data          0x20000008        0x3 ./objects/loramac.o
 .data          0x2000000b       0x20 ./objects/loramaccrypto.o
 *fill*         0x2000002b        0x5 
 .data          0x20000030       0x20 ./objects/regioncn470.o
 .data          0x20000050       0x20 ./objects/classc.o
 *(.data*)
 .data.impure_data
                0x20000070      0x428 c:/gnu arm embedded toolchain/10 2021.10/bin/../lib/gcc/arm-none-eabi/10.3.1/../../../../arm-none-eabi/lib/thumb/v7e-m/nofp\libc.a(lib_a-impure.o)
 .data.__atexit_recursive_mutex
                0x20000498        0x4 c:/gnu arm embedded toolchain/10 2021.10/bin/../lib/gcc/arm-none-eabi/10.3.1/../../../../arm-none-eabi/lib/thumb/v7e-m/nofp\libc.a(lib_a-__call_atexit.o)
                0x20000498                __atexit_recursive_mutex
                0x2000049c                . = ALIGN (0x4)
                0x2000049c                _edata = .

.igot.plt       0x2000049c        0x0 load address 0x08009608
 .igot.plt      0x2000049c        0x0 c:/gnu arm embedded toolchain/10 2021.10/bin/../lib/gcc/arm-none-eabi/10.3.1/thumb/v7e-m/nofp/crtbegin.o
                0x2000049c                . = ALIGN (0x4)

.bss            0x200004a0      0xc9c load address 0x08009608
                0x200004a0                _sbss = .
                0x200004a0                __bss_start__ = _sbss
 *(.bss)
 .bss           0x200004a0       0x1c c:/gnu arm embedded toolchain/10 2021.10/bin/../lib/gcc/arm-none-eabi/10.3.1/thumb/v7e-m/nofp/crtbegin.o
 .bss           0x200004bc        0x1 ./objects/tremo_delay.o
 *fill*         0x200004bd        0x3 
 .bss           0x200004c0       0x11 ./objects/timer.o
                0x200004d0                HasLoopedThroughMain
 *fill*         0x200004d1        0x3 
 .bss           0x200004d4      0x1a6 ./objects/radio.o
                0x200004d8                TxTimeoutTimer
                0x200004ec                RxTimeoutTimer
                0x20000500                CadTimeoutTimer
                0x20000514                IrqFired
                0x20000518                SX126x
                0x20000554                TxTimeout
                0x20000558                RxContinuous
                0x2000055c                RxTimeout
                0x20000560                irqRegs
                0x20000562                RadioRxPayload
                0x20000664                RadioPktStatus
 *fill*         0x2000067a        0x2 
 .bss           0x2000067c        0x8 ./objects/sx126x.o
                0x20000680                FrequencyError
 *fill*         0x20000684        0x4 
 .bss           0x20000688       0x1d ./objects/rtc-board.o
                0x2000068c                RtcCalendarContext
                0x20000698                RtcTimerContext
                0x200006a0                McuWakeUpTime
                0x200006a4                NonScheduledWakeUp
 .bss           0x200006a5        0x1 ./objects/sx1262-board.o
                0x200006a5                gPaOptSetting
 *fill*         0x200006a6        0x2 
 .bss           0x200006a8      0x559 ./objects/loramac.o
                0x200006c0                LoRaMacFlags
                0x2000075c                LoRaMacParams
                0x20000798                LoRaMacParamsDefaults
                0x200007f4                LoRaMacState
                0x20000ba0                TxTimeOnAir
 *fill*         0x20000c01        0x3 
 .bss           0x20000c04       0x25 ./objects/loramacconfirmqueue.o
                0x20000c0c                BufferStart
                0x20000c24                BufferEnd
                0x20000c28                CommonStatus
 *fill*         0x20000c29        0x3 
 .bss           0x20000c2c       0x44 ./objects/loramaccrypto.o
 .bss           0x20000c70      0x498 ./objects/regioncn470.o
 .bss           0x20001108       0x30 ./objects/classc.o
 *(.bss*)
 .bss.__lock___atexit_recursive_mutex
                0x20001138        0x1 c:/gnu arm embedded toolchain/10 2021.10/bin/../lib/gcc/arm-none-eabi/10.3.1/../../../../arm-none-eabi/lib/thumb/v7e-m/nofp\libc.a(lib_a-lock.o)
                0x20001138                __lock___atexit_recursive_mutex
 *(COMMON)
                0x2000113c                . = ALIGN (0x4)
 *fill*         0x20001139        0x3 
                0x2000113c                _ebss = .
                0x2000113c                __bss_end__ = _ebss

.heap           0x2000113c     0x1000 load address 0x08009608
                0x2000113c                . = ALIGN (0x4)
                0x2000113c                _heap_bottom = .
                0x2000113c                end = _heap_bottom
                0x2000113c                _end = end
                0x2000113c                __end = end
                0x2000213c                . = (. + _HEAP_SIZE)
 *fill*         0x2000113c     0x1000 
                0x2000213c                _heap_top = .

.stack          0x2000213c     0x1000 load address 0x08009608
                0x2000213c                . = ALIGN (0x4)
                0x2000213c                _stack_bottom = .
                0x2000313c                . = (. + _STACK_SIZE)
 *fill*         0x2000213c     0x1000 
                0x2000313c                _stack_top = .

/DISCARD/
 libc.a(*)
 libm.a(*)
 libgcc.a(*)

.ARM.attributes
                0x00000000       0x2e
 *(.ARM.attributes)
 .ARM.attributes
                0x00000000       0x1e c:/gnu arm embedded toolchain/10 2021.10/bin/../lib/gcc/arm-none-eabi/10.3.1/thumb/v7e-m/nofp/crti.o
 .ARM.attributes
                0x0000001e       0x2e c:/gnu arm embedded toolchain/10 2021.10/bin/../lib/gcc/arm-none-eabi/10.3.1/thumb/v7e-m/nofp/crtbegin.o
 .ARM.attributes
                0x0000004c       0x32 ./objects/printf-stdarg.o
 .ARM.attributes
                0x0000007e       0x32 ./objects/system_cm4.o
 .ARM.attributes
                0x000000b0       0x25 ./objects/startup_cm4.o
 .ARM.attributes
                0x000000d5       0x32 ./objects/tremo_delay.o
 .ARM.attributes
                0x00000107       0x32 ./objects/tremo_gpio.o
 .ARM.attributes
                0x00000139       0x32 ./objects/tremo_pwr.o
 .ARM.attributes
                0x0000016b       0x32 ./objects/tremo_rcc.o
 .ARM.attributes
                0x0000019d       0x32 ./objects/tremo_rtc.o
 .ARM.attributes
                0x000001cf       0x32 ./objects/tremo_uart.o
 .ARM.attributes
                0x00000201       0x32 ./objects/delay.o
 .ARM.attributes
                0x00000233       0x32 ./objects/timer.o
 .ARM.attributes
                0x00000265       0x32 ./objects/cmac.o
 .ARM.attributes
                0x00000297       0x32 ./objects/radio.o
 .ARM.attributes
                0x000002c9       0x32 ./objects/sx126x.o
 .ARM.attributes
                0x000002fb       0x32 ./objects/rtc-board.o
 .ARM.attributes
                0x0000032d       0x32 ./objects/sx1262-board.o
 .ARM.attributes
                0x0000035f       0x32 ./objects/utilities.o
 .ARM.attributes
                0x00000391       0x32 ./objects/loramac.o
 .ARM.attributes
                0x000003c3       0x32 ./objects/loramacclassb.o
 .ARM.attributes
                0x000003f5       0x32 ./objects/loramacconfirmqueue.o
 .ARM.attributes
                0x00000427       0x32 ./objects/loramaccrypto.o
 .ARM.attributes
                0x00000459       0x32 ./objects/region.o
 .ARM.attributes
                0x0000048b       0x32 ./objects/regioncommon.o
 .ARM.attributes
                0x000004bd       0x32 ./objects/regioncn470.o
 .ARM.attributes
                0x000004ef       0x32 ./objects/classc.o
 .ARM.attributes
                0x00000521       0x32 ./objects/main.o
 .ARM.attributes
                0x00000553       0x32 ./objects/tremo_it.o
 .ARM.attributes
                0x00000585       0x2e ../../../../../drivers/crypto/lib/libcrypto.a(aes.o)
 .ARM.attributes
                0x000005b3       0x1e c:/gnu arm embedded toolchain/10 2021.10/bin/../lib/gcc/arm-none-eabi/10.3.1/thumb/v7e-m/nofp\libgcc.a(_arm_addsubdf3.o)
 .ARM.attributes
                0x000005d1       0x1e c:/gnu arm embedded toolchain/10 2021.10/bin/../lib/gcc/arm-none-eabi/10.3.1/thumb/v7e-m/nofp\libgcc.a(_arm_muldivdf3.o)
 .ARM.attributes
                0x000005ef       0x1e c:/gnu arm embedded toolchain/10 2021.10/bin/../lib/gcc/arm-none-eabi/10.3.1/thumb/v7e-m/nofp\libgcc.a(_arm_cmpdf2.o)
 .ARM.attributes
                0x0000060d       0x1e c:/gnu arm embedded toolchain/10 2021.10/bin/../lib/gcc/arm-none-eabi/10.3.1/thumb/v7e-m/nofp\libgcc.a(_arm_fixdfsi.o)
 .ARM.attributes
                0x0000062b       0x1e c:/gnu arm embedded toolchain/10 2021.10/bin/../lib/gcc/arm-none-eabi/10.3.1/thumb/v7e-m/nofp\libgcc.a(_arm_fixunsdfsi.o)
 .ARM.attributes
                0x00000649       0x1e c:/gnu arm embedded toolchain/10 2021.10/bin/../lib/gcc/arm-none-eabi/10.3.1/thumb/v7e-m/nofp\libgcc.a(_aeabi_uldivmod.o)
 .ARM.attributes
                0x00000667       0x2e c:/gnu arm embedded toolchain/10 2021.10/bin/../lib/gcc/arm-none-eabi/10.3.1/thumb/v7e-m/nofp\libgcc.a(_fixunsdfdi.o)
 .ARM.attributes
                0x00000695       0x2e c:/gnu arm embedded toolchain/10 2021.10/bin/../lib/gcc/arm-none-eabi/10.3.1/thumb/v7e-m/nofp\libgcc.a(_udivmoddi4.o)
 .ARM.attributes
                0x000006c3       0x1e c:/gnu arm embedded toolchain/10 2021.10/bin/../lib/gcc/arm-none-eabi/10.3.1/thumb/v7e-m/nofp\libgcc.a(_dvmd_tls.o)
 .ARM.attributes
                0x000006e1       0x2e c:/gnu arm embedded toolchain/10 2021.10/bin/../lib/gcc/arm-none-eabi/10.3.1/../../../../arm-none-eabi/lib/thumb/v7e-m/nofp\libc.a(lib_a-impure.o)
 .ARM.attributes
                0x0000070f       0x2e c:/gnu arm embedded toolchain/10 2021.10/bin/../lib/gcc/arm-none-eabi/10.3.1/../../../../arm-none-eabi/lib/thumb/v7e-m/nofp\libc.a(lib_a-init.o)
 .ARM.attributes
                0x0000073d       0x1c c:/gnu arm embedded toolchain/10 2021.10/bin/../lib/gcc/arm-none-eabi/10.3.1/../../../../arm-none-eabi/lib/thumb/v7e-m/nofp\libc.a(lib_a-memcpy.o)
 .ARM.attributes
                0x00000759       0x2e c:/gnu arm embedded toolchain/10 2021.10/bin/../lib/gcc/arm-none-eabi/10.3.1/../../../../arm-none-eabi/lib/thumb/v7e-m/nofp\libc.a(lib_a-memset.o)
 .ARM.attributes
                0x00000787       0x2e c:/gnu arm embedded toolchain/10 2021.10/bin/../lib/gcc/arm-none-eabi/10.3.1/../../../../arm-none-eabi/lib/thumb/v7e-m/nofp\libc.a(lib_a-__call_atexit.o)
 .ARM.attributes
                0x000007b5       0x2e c:/gnu arm embedded toolchain/10 2021.10/bin/../lib/gcc/arm-none-eabi/10.3.1/../../../../arm-none-eabi/lib/thumb/v7e-m/nofp\libc.a(lib_a-atexit.o)
 .ARM.attributes
                0x000007e3       0x2e c:/gnu arm embedded toolchain/10 2021.10/bin/../lib/gcc/arm-none-eabi/10.3.1/../../../../arm-none-eabi/lib/thumb/v7e-m/nofp\libc.a(lib_a-fini.o)
 .ARM.attributes
                0x00000811       0x2e c:/gnu arm embedded toolchain/10 2021.10/bin/../lib/gcc/arm-none-eabi/10.3.1/../../../../arm-none-eabi/lib/thumb/v7e-m/nofp\libc.a(lib_a-lock.o)
 .ARM.attributes
                0x0000083f       0x2e c:/gnu arm embedded toolchain/10 2021.10/bin/../lib/gcc/arm-none-eabi/10.3.1/../../../../arm-none-eabi/lib/thumb/v7e-m/nofp\libc.a(lib_a-__atexit.o)
 .ARM.attributes
                0x0000086d       0x1e c:/gnu arm embedded toolchain/10 2021.10/bin/../lib/gcc/arm-none-eabi/10.3.1/thumb/v7e-m/nofp/crtn.o
OUTPUT(./Objects/project.elf elf32-littlearm)
LOAD linker stubs
LOAD c:/gnu arm embedded toolchain/10 2021.10/bin/../lib/gcc/arm-none-eabi/10.3.1/../../../../arm-none-eabi/lib/thumb/v7e-m/nofp\libc.a
LOAD c:/gnu arm embedded toolchain/10 2021.10/bin/../lib/gcc/arm-none-eabi/10.3.1/../../../../arm-none-eabi/lib/thumb/v7e-m/nofp\libm.a
LOAD c:/gnu arm embedded toolchain/10 2021.10/bin/../lib/gcc/arm-none-eabi/10.3.1/thumb/v7e-m/nofp\libgcc.a

.debug_info     0x00000000    0x1faf0
 .debug_info    0x00000000     0x196e ./objects/printf-stdarg.o
 .debug_info    0x0000196e      0x829 ./objects/system_cm4.o
 .debug_info    0x00002197       0x22 ./objects/startup_cm4.o
 .debug_info    0x000021b9      0x79f ./objects/tremo_delay.o
 .debug_info    0x00002958      0x8de ./objects/tremo_gpio.o
 .debug_info    0x00003236      0x9d6 ./objects/tremo_pwr.o
 .debug_info    0x00003c0c     0x1127 ./objects/tremo_rcc.o
 .debug_info    0x00004d33     0x11d5 ./objects/tremo_rtc.o
 .debug_info    0x00005f08      0xc79 ./objects/tremo_uart.o
 .debug_info    0x00006b81      0x159 ./objects/delay.o
 .debug_info    0x00006cda      0x8c6 ./objects/timer.o
 .debug_info    0x000075a0      0x570 ./objects/cmac.o
 .debug_info    0x00007b10     0x2c6c ./objects/radio.o
 .debug_info    0x0000a77c     0x21ea ./objects/sx126x.o
 .debug_info    0x0000c966     0x1340 ./objects/rtc-board.o
 .debug_info    0x0000dca6     0x1159 ./objects/sx1262-board.o
 .debug_info    0x0000edff      0x2fb ./objects/utilities.o
 .debug_info    0x0000f0fa     0x59f6 ./objects/loramac.o
 .debug_info    0x00014af0     0x140f ./objects/loramacclassb.o
 .debug_info    0x00015eff      0xc8e ./objects/loramacconfirmqueue.o
 .debug_info    0x00016b8d      0xa27 ./objects/loramaccrypto.o
 .debug_info    0x000175b4     0x19de ./objects/region.o
 .debug_info    0x00018f92     0x1248 ./objects/regioncommon.o
 .debug_info    0x0001a1da     0x2509 ./objects/regioncn470.o
 .debug_info    0x0001c6e3     0x1dc2 ./objects/classc.o
 .debug_info    0x0001e4a5      0x8db ./objects/main.o
 .debug_info    0x0001ed80      0x136 ./objects/tremo_it.o
 .debug_info    0x0001eeb6      0xc3a ../../../../../drivers/crypto/lib/libcrypto.a(aes.o)

.debug_abbrev   0x00000000     0x4fc2
 .debug_abbrev  0x00000000      0x3df ./objects/printf-stdarg.o
 .debug_abbrev  0x000003df      0x1cd ./objects/system_cm4.o
 .debug_abbrev  0x000005ac       0x12 ./objects/startup_cm4.o
 .debug_abbrev  0x000005be      0x224 ./objects/tremo_delay.o
 .debug_abbrev  0x000007e2      0x237 ./objects/tremo_gpio.o
 .debug_abbrev  0x00000a19      0x211 ./objects/tremo_pwr.o
 .debug_abbrev  0x00000c2a      0x263 ./objects/tremo_rcc.o
 .debug_abbrev  0x00000e8d      0x3bc ./objects/tremo_rtc.o
 .debug_abbrev  0x00001249      0x31d ./objects/tremo_uart.o
 .debug_abbrev  0x00001566       0xef ./objects/delay.o
 .debug_abbrev  0x00001655      0x421 ./objects/timer.o
 .debug_abbrev  0x00001a76      0x1a4 ./objects/cmac.o
 .debug_abbrev  0x00001c1a      0x4c3 ./objects/radio.o
 .debug_abbrev  0x000020dd      0x422 ./objects/sx126x.o
 .debug_abbrev  0x000024ff      0x46c ./objects/rtc-board.o
 .debug_abbrev  0x0000296b      0x3eb ./objects/sx1262-board.o
 .debug_abbrev  0x00002d56      0x140 ./objects/utilities.o
 .debug_abbrev  0x00002e96      0x5ce ./objects/loramac.o
 .debug_abbrev  0x00003464      0x2d8 ./objects/loramacclassb.o
 .debug_abbrev  0x0000373c      0x2d3 ./objects/loramacconfirmqueue.o
 .debug_abbrev  0x00003a0f      0x175 ./objects/loramaccrypto.o
 .debug_abbrev  0x00003b84      0x248 ./objects/region.o
 .debug_abbrev  0x00003dcc      0x3e4 ./objects/regioncommon.o
 .debug_abbrev  0x000041b0      0x4bb ./objects/regioncn470.o
 .debug_abbrev  0x0000466b      0x486 ./objects/classc.o
 .debug_abbrev  0x00004af1      0x1d5 ./objects/main.o
 .debug_abbrev  0x00004cc6       0xd4 ./objects/tremo_it.o
 .debug_abbrev  0x00004d9a      0x228 ../../../../../drivers/crypto/lib/libcrypto.a(aes.o)

.debug_loc      0x00000000    0x11452
 .debug_loc     0x00000000     0x27a7 ./objects/printf-stdarg.o
 .debug_loc     0x000027a7       0xc3 ./objects/system_cm4.o
 .debug_loc     0x0000286a      0x1fe ./objects/tremo_delay.o
 .debug_loc     0x00002a68      0x850 ./objects/tremo_gpio.o
 .debug_loc     0x000032b8      0x15f ./objects/tremo_pwr.o
 .debug_loc     0x00003417      0x777 ./objects/tremo_rcc.o
 .debug_loc     0x00003b8e      0xe95 ./objects/tremo_rtc.o
 .debug_loc     0x00004a23      0x6e6 ./objects/tremo_uart.o
 .debug_loc     0x00005109       0xb2 ./objects/delay.o
 .debug_loc     0x000051bb      0x6d5 ./objects/timer.o
 .debug_loc     0x00005890      0x38c ./objects/cmac.o
 .debug_loc     0x00005c1c     0x15be ./objects/radio.o
 .debug_loc     0x000071da     0x11a4 ./objects/sx126x.o
 .debug_loc     0x0000837e      0x67f ./objects/rtc-board.o
 .debug_loc     0x000089fd      0x831 ./objects/sx1262-board.o
 .debug_loc     0x0000922e      0x25d ./objects/utilities.o
 .debug_loc     0x0000948b     0x3a65 ./objects/loramac.o
 .debug_loc     0x0000cef0       0xe5 ./objects/loramacclassb.o
 .debug_loc     0x0000cfd5      0x5e6 ./objects/loramacconfirmqueue.o
 .debug_loc     0x0000d5bb      0x8e1 ./objects/loramaccrypto.o
 .debug_loc     0x0000de9c     0x103f ./objects/region.o
 .debug_loc     0x0000eedb      0xb83 ./objects/regioncommon.o
 .debug_loc     0x0000fa5e     0x1651 ./objects/regioncn470.o
 .debug_loc     0x000110af      0x247 ./objects/classc.o
 .debug_loc     0x000112f6       0x78 ./objects/main.o
 .debug_loc     0x0001136e       0xe4 ../../../../../drivers/crypto/lib/libcrypto.a(aes.o)

.debug_aranges  0x00000000     0x1010
 .debug_aranges
                0x00000000       0x88 ./objects/printf-stdarg.o
 .debug_aranges
                0x00000088       0x28 ./objects/system_cm4.o
 .debug_aranges
                0x000000b0       0x28 ./objects/startup_cm4.o
 .debug_aranges
                0x000000d8       0x30 ./objects/tremo_delay.o
 .debug_aranges
                0x00000108       0x78 ./objects/tremo_gpio.o
 .debug_aranges
                0x00000180       0x58 ./objects/tremo_pwr.o
 .debug_aranges
                0x000001d8      0x178 ./objects/tremo_rcc.o
 .debug_aranges
                0x00000350      0x120 ./objects/tremo_rtc.o
 .debug_aranges
                0x00000470       0x98 ./objects/tremo_uart.o
 .debug_aranges
                0x00000508       0x28 ./objects/delay.o
 .debug_aranges
                0x00000530       0x88 ./objects/timer.o
 .debug_aranges
                0x000005b8       0x38 ./objects/cmac.o
 .debug_aranges
                0x000005f0      0x140 ./objects/radio.o
 .debug_aranges
                0x00000730      0x198 ./objects/sx126x.o
 .debug_aranges
                0x000008c8       0x78 ./objects/rtc-board.o
 .debug_aranges
                0x00000940       0xd0 ./objects/sx1262-board.o
 .debug_aranges
                0x00000a10       0x50 ./objects/utilities.o
 .debug_aranges
                0x00000a60      0x148 ./objects/loramac.o
 .debug_aranges
                0x00000ba8       0x80 ./objects/loramacclassb.o
 .debug_aranges
                0x00000c28       0x78 ./objects/loramacconfirmqueue.o
 .debug_aranges
                0x00000ca0       0x50 ./objects/loramaccrypto.o
 .debug_aranges
                0x00000cf0       0xd8 ./objects/region.o
 .debug_aranges
                0x00000dc8       0x88 ./objects/regioncommon.o
 .debug_aranges
                0x00000e50       0xc8 ./objects/regioncn470.o
 .debug_aranges
                0x00000f18       0x50 ./objects/classc.o
 .debug_aranges
                0x00000f68       0x30 ./objects/main.o
 .debug_aranges
                0x00000f98       0x58 ./objects/tremo_it.o
 .debug_aranges
                0x00000ff0       0x20 ../../../../../drivers/crypto/lib/libcrypto.a(aes.o)

.debug_ranges   0x00000000     0x1940
 .debug_ranges  0x00000000      0x1d0 ./objects/printf-stdarg.o
 .debug_ranges  0x000001d0       0x70 ./objects/system_cm4.o
 .debug_ranges  0x00000240       0x20 ./objects/startup_cm4.o
 .debug_ranges  0x00000260       0x58 ./objects/tremo_delay.o
 .debug_ranges  0x000002b8       0x68 ./objects/tremo_gpio.o
 .debug_ranges  0x00000320       0x60 ./objects/tremo_pwr.o
 .debug_ranges  0x00000380      0x180 ./objects/tremo_rcc.o
 .debug_ranges  0x00000500      0x140 ./objects/tremo_rtc.o
 .debug_ranges  0x00000640       0x88 ./objects/tremo_uart.o
 .debug_ranges  0x000006c8       0x30 ./objects/delay.o
 .debug_ranges  0x000006f8       0xd8 ./objects/timer.o
 .debug_ranges  0x000007d0       0x98 ./objects/cmac.o
 .debug_ranges  0x00000868      0x1a8 ./objects/radio.o
 .debug_ranges  0x00000a10      0x1e8 ./objects/sx126x.o
 .debug_ranges  0x00000bf8      0x140 ./objects/rtc-board.o
 .debug_ranges  0x00000d38      0x188 ./objects/sx1262-board.o
 .debug_ranges  0x00000ec0       0x40 ./objects/utilities.o
 .debug_ranges  0x00000f00      0x340 ./objects/loramac.o
 .debug_ranges  0x00001240       0x70 ./objects/loramacclassb.o
 .debug_ranges  0x000012b0      0x178 ./objects/loramacconfirmqueue.o
 .debug_ranges  0x00001428       0x40 ./objects/loramaccrypto.o
 .debug_ranges  0x00001468       0xc8 ./objects/region.o
 .debug_ranges  0x00001530      0x168 ./objects/regioncommon.o
 .debug_ranges  0x00001698      0x1b0 ./objects/regioncn470.o
 .debug_ranges  0x00001848       0x90 ./objects/classc.o
 .debug_ranges  0x000018d8       0x20 ./objects/main.o
 .debug_ranges  0x000018f8       0x48 ./objects/tremo_it.o

.debug_line     0x00000000     0xe7a4
 .debug_line    0x00000000     0x10fe ./objects/printf-stdarg.o
 .debug_line    0x000010fe      0x28f ./objects/system_cm4.o
 .debug_line    0x0000138d       0x88 ./objects/startup_cm4.o
 .debug_line    0x00001415      0x2b7 ./objects/tremo_delay.o
 .debug_line    0x000016cc      0x6cb ./objects/tremo_gpio.o
 .debug_line    0x00001d97      0x40d ./objects/tremo_pwr.o
 .debug_line    0x000021a4     0x11c8 ./objects/tremo_rcc.o
 .debug_line    0x0000336c      0xd63 ./objects/tremo_rtc.o
 .debug_line    0x000040cf      0x66d ./objects/tremo_uart.o
 .debug_line    0x0000473c      0x15c ./objects/delay.o
 .debug_line    0x00004898      0x657 ./objects/timer.o
 .debug_line    0x00004eef      0x46e ./objects/cmac.o
 .debug_line    0x0000535d      0xea9 ./objects/radio.o
 .debug_line    0x00006206      0xdfd ./objects/sx126x.o
 .debug_line    0x00007003      0x5d4 ./objects/rtc-board.o
 .debug_line    0x000075d7      0x800 ./objects/sx1262-board.o
 .debug_line    0x00007dd7      0x213 ./objects/utilities.o
 .debug_line    0x00007fea     0x332a ./objects/loramac.o
 .debug_line    0x0000b314      0x27a ./objects/loramacclassb.o
 .debug_line    0x0000b58e      0x653 ./objects/loramacconfirmqueue.o
 .debug_line    0x0000bbe1      0x508 ./objects/loramaccrypto.o
 .debug_line    0x0000c0e9      0x5b3 ./objects/region.o
 .debug_line    0x0000c69c      0x759 ./objects/regioncommon.o
 .debug_line    0x0000cdf5      0xd50 ./objects/regioncn470.o
 .debug_line    0x0000db45      0x626 ./objects/classc.o
 .debug_line    0x0000e16b      0x27b ./objects/main.o
 .debug_line    0x0000e3e6      0x156 ./objects/tremo_it.o
 .debug_line    0x0000e53c      0x268 ../../../../../drivers/crypto/lib/libcrypto.a(aes.o)

.debug_str      0x00000000     0x999b
 .debug_str     0x00000000      0x4d0 ./objects/printf-stdarg.o
                                0x563 (size before relaxing)
 .debug_str     0x000004d0      0x41a ./objects/system_cm4.o
                                0x668 (size before relaxing)
 .debug_str     0x000008ea       0x3b ./objects/startup_cm4.o
                                 0x9b (size before relaxing)
 .debug_str     0x00000925       0xe6 ./objects/tremo_delay.o
                                0x619 (size before relaxing)
 .debug_str     0x00000a0b      0x6a9 ./objects/tremo_gpio.o
                                0x8ff (size before relaxing)
 .debug_str     0x000010b4       0xfb ./objects/tremo_pwr.o
                                0x6e8 (size before relaxing)
 .debug_str     0x000011af      0xef3 ./objects/tremo_rcc.o
                               0x1570 (size before relaxing)
 .debug_str     0x000020a2      0x87a ./objects/tremo_rtc.o
                                0xf02 (size before relaxing)
 .debug_str     0x0000291c      0x4d8 ./objects/tremo_uart.o
                                0xbf3 (size before relaxing)
 .debug_str     0x00002df4       0x2b ./objects/delay.o
                                0x25b (size before relaxing)
 .debug_str     0x00002e1f      0x2d8 ./objects/timer.o
                                0x589 (size before relaxing)
 .debug_str     0x000030f7       0xbc ./objects/cmac.o
                                0x319 (size before relaxing)
 .debug_str     0x000031b3     0x1107 ./objects/radio.o
                               0x1705 (size before relaxing)
 .debug_str     0x000042ba      0x8fc ./objects/sx126x.o
                               0x1791 (size before relaxing)
 .debug_str     0x00004bb6      0x262 ./objects/rtc-board.o
                                0xfb7 (size before relaxing)
 .debug_str     0x00004e18       0xbd ./objects/sx1262-board.o
                                0xce8 (size before relaxing)
 .debug_str     0x00004ed5       0x4b ./objects/utilities.o
                                0x2f6 (size before relaxing)
 .debug_str     0x00004f20     0x34f6 ./objects/loramac.o
                               0x3e76 (size before relaxing)
 .debug_str     0x00008416       0xf4 ./objects/loramacclassb.o
                               0x1bfa (size before relaxing)
 .debug_str     0x0000850a      0x127 ./objects/loramacconfirmqueue.o
                                0xc2b (size before relaxing)
 .debug_str     0x00008631       0xdd ./objects/loramaccrypto.o
                                0x479 (size before relaxing)
 .debug_str     0x0000870e      0x3cf ./objects/region.o
                               0x178a (size before relaxing)
 .debug_str     0x00008add      0x3cb ./objects/regioncommon.o
                                0xb88 (size before relaxing)
 .debug_str     0x00008ea8      0x153 ./objects/regioncn470.o
                               0x1aa6 (size before relaxing)
 .debug_str     0x00008ffb      0x1bc ./objects/classc.o
                               0x1be3 (size before relaxing)
 .debug_str     0x000091b7       0x75 ./objects/main.o
                                0x925 (size before relaxing)
 .debug_str     0x0000922c       0xfc ./objects/tremo_it.o
                                0x296 (size before relaxing)
 .debug_str     0x00009328      0x673 ../../../../../drivers/crypto/lib/libcrypto.a(aes.o)
                                0x74e (size before relaxing)

.comment        0x00000000       0xc2
 .comment       0x00000000       0x49 ./objects/printf-stdarg.o
                                 0x4a (size before relaxing)
 .comment       0x00000049       0x4a ./objects/system_cm4.o
 .comment       0x00000049       0x4a ./objects/tremo_delay.o
 .comment       0x00000049       0x4a ./objects/tremo_gpio.o
 .comment       0x00000049       0x4a ./objects/tremo_pwr.o
 .comment       0x00000049       0x4a ./objects/tremo_rcc.o
 .comment       0x00000049       0x4a ./objects/tremo_rtc.o
 .comment       0x00000049       0x4a ./objects/tremo_uart.o
 .comment       0x00000049       0x4a ./objects/delay.o
 .comment       0x00000049       0x4a ./objects/timer.o
 .comment       0x00000049       0x4a ./objects/cmac.o
 .comment       0x00000049       0x4a ./objects/radio.o
 .comment       0x00000049       0x4a ./objects/sx126x.o
 .comment       0x00000049       0x4a ./objects/rtc-board.o
 .comment       0x00000049       0x4a ./objects/sx1262-board.o
 .comment       0x00000049       0x4a ./objects/utilities.o
 .comment       0x00000049       0x4a ./objects/loramac.o
 .comment       0x00000049       0x4a ./objects/loramacclassb.o
 .comment       0x00000049       0x4a ./objects/loramacconfirmqueue.o
 .comment       0x00000049       0x4a ./objects/loramaccrypto.o
 .comment       0x00000049       0x4a ./objects/region.o
 .comment       0x00000049       0x4a ./objects/regioncommon.o
 .comment       0x00000049       0x4a ./objects/regioncn470.o
 .comment       0x00000049       0x4a ./objects/classc.o
 .comment       0x00000049       0x4a ./objects/main.o
 .comment       0x00000049       0x4a ./objects/tremo_it.o
 .comment       0x00000049       0x79 ../../../../../drivers/crypto/lib/libcrypto.a(aes.o)
                                 0x7a (size before relaxing)

.debug_frame    0x00000000     0x31d8
 .debug_frame   0x00000000      0x314 ./objects/printf-stdarg.o
 .debug_frame   0x00000314       0x3c ./objects/system_cm4.o
 .debug_frame   0x00000350       0x54 ./objects/tremo_delay.o
 .debug_frame   0x000003a4      0x114 ./objects/tremo_gpio.o
 .debug_frame   0x000004b8       0xa8 ./objects/tremo_pwr.o
 .debug_frame   0x00000560      0x2d8 ./objects/tremo_rcc.o
 .debug_frame   0x00000838      0x318 ./objects/tremo_rtc.o
 .debug_frame   0x00000b50      0x138 ./objects/tremo_uart.o
 .debug_frame   0x00000c88       0x30 ./objects/delay.o
 .debug_frame   0x00000cb8      0x184 ./objects/timer.o
 .debug_frame   0x00000e3c       0x90 ./objects/cmac.o
 .debug_frame   0x00000ecc      0x3e0 ./objects/radio.o
 .debug_frame   0x000012ac      0x4c0 ./objects/sx126x.o
 .debug_frame   0x0000176c      0x160 ./objects/rtc-board.o
 .debug_frame   0x000018cc      0x254 ./objects/sx1262-board.o
 .debug_frame   0x00001b20       0x8c ./objects/utilities.o
 .debug_frame   0x00001bac      0x4dc ./objects/loramac.o
 .debug_frame   0x00002088      0x1f0 ./objects/loramacclassb.o
 .debug_frame   0x00002278      0x120 ./objects/loramacconfirmqueue.o
 .debug_frame   0x00002398      0x100 ./objects/loramaccrypto.o
 .debug_frame   0x00002498      0x200 ./objects/region.o
 .debug_frame   0x00002698      0x198 ./objects/regioncommon.o
 .debug_frame   0x00002830      0x2b4 ./objects/regioncn470.o
 .debug_frame   0x00002ae4       0xcc ./objects/classc.o
 .debug_frame   0x00002bb0       0x60 ./objects/main.o
 .debug_frame   0x00002c10       0xc0 ./objects/tremo_it.o
 .debug_frame   0x00002cd0       0x88 ../../../../../drivers/crypto/lib/libcrypto.a(aes.o)
 .debug_frame   0x00002d58       0xac c:/gnu arm embedded toolchain/10 2021.10/bin/../lib/gcc/arm-none-eabi/10.3.1/thumb/v7e-m/nofp\libgcc.a(_arm_addsubdf3.o)
 .debug_frame   0x00002e04       0x50 c:/gnu arm embedded toolchain/10 2021.10/bin/../lib/gcc/arm-none-eabi/10.3.1/thumb/v7e-m/nofp\libgcc.a(_arm_muldivdf3.o)
 .debug_frame   0x00002e54       0xc4 c:/gnu arm embedded toolchain/10 2021.10/bin/../lib/gcc/arm-none-eabi/10.3.1/thumb/v7e-m/nofp\libgcc.a(_arm_cmpdf2.o)
 .debug_frame   0x00002f18       0x24 c:/gnu arm embedded toolchain/10 2021.10/bin/../lib/gcc/arm-none-eabi/10.3.1/thumb/v7e-m/nofp\libgcc.a(_arm_fixdfsi.o)
 .debug_frame   0x00002f3c       0x24 c:/gnu arm embedded toolchain/10 2021.10/bin/../lib/gcc/arm-none-eabi/10.3.1/thumb/v7e-m/nofp\libgcc.a(_arm_fixunsdfsi.o)
 .debug_frame   0x00002f60       0x2c c:/gnu arm embedded toolchain/10 2021.10/bin/../lib/gcc/arm-none-eabi/10.3.1/thumb/v7e-m/nofp\libgcc.a(_aeabi_uldivmod.o)
 .debug_frame   0x00002f8c       0x2c c:/gnu arm embedded toolchain/10 2021.10/bin/../lib/gcc/arm-none-eabi/10.3.1/thumb/v7e-m/nofp\libgcc.a(_fixunsdfdi.o)
 .debug_frame   0x00002fb8       0x34 c:/gnu arm embedded toolchain/10 2021.10/bin/../lib/gcc/arm-none-eabi/10.3.1/thumb/v7e-m/nofp\libgcc.a(_udivmoddi4.o)
 .debug_frame   0x00002fec       0x2c c:/gnu arm embedded toolchain/10 2021.10/bin/../lib/gcc/arm-none-eabi/10.3.1/../../../../arm-none-eabi/lib/thumb/v7e-m/nofp\libc.a(lib_a-init.o)
 .debug_frame   0x00003018       0x2c c:/gnu arm embedded toolchain/10 2021.10/bin/../lib/gcc/arm-none-eabi/10.3.1/../../../../arm-none-eabi/lib/thumb/v7e-m/nofp\libc.a(lib_a-memset.o)
 .debug_frame   0x00003044       0x5c c:/gnu arm embedded toolchain/10 2021.10/bin/../lib/gcc/arm-none-eabi/10.3.1/../../../../arm-none-eabi/lib/thumb/v7e-m/nofp\libc.a(lib_a-__call_atexit.o)
 .debug_frame   0x000030a0       0x20 c:/gnu arm embedded toolchain/10 2021.10/bin/../lib/gcc/arm-none-eabi/10.3.1/../../../../arm-none-eabi/lib/thumb/v7e-m/nofp\libc.a(lib_a-atexit.o)
 .debug_frame   0x000030c0       0x34 c:/gnu arm embedded toolchain/10 2021.10/bin/../lib/gcc/arm-none-eabi/10.3.1/../../../../arm-none-eabi/lib/thumb/v7e-m/nofp\libc.a(lib_a-fini.o)