Archive member included to satisfy reference by file (symbol)

c:/gnu arm embedded toolchain/10 2021.10/bin/../lib/gcc/arm-none-eabi/10.3.1/thumb/v7e-m/nofp\libgcc.a(_arm_muldf3.o)
                              ./objects/printf-stdarg.o (__aeabi_dmul)
c:/gnu arm embedded toolchain/10 2021.10/bin/../lib/gcc/arm-none-eabi/10.3.1/thumb/v7e-m/nofp\libgcc.a(_arm_addsubdf3.o)
                              ./objects/printf-stdarg.o (__aeabi_dsub)
c:/gnu arm embedded toolchain/10 2021.10/bin/../lib/gcc/arm-none-eabi/10.3.1/thumb/v7e-m/nofp\libgcc.a(_arm_muldivdf3.o)
                              ./objects/printf-stdarg.o (__aeabi_ddiv)
c:/gnu arm embedded toolchain/10 2021.10/bin/../lib/gcc/arm-none-eabi/10.3.1/thumb/v7e-m/nofp\libgcc.a(_arm_cmpdf2.o)
                              ./objects/printf-stdarg.o (__aeabi_dcmpeq)
c:/gnu arm embedded toolchain/10 2021.10/bin/../lib/gcc/arm-none-eabi/10.3.1/thumb/v7e-m/nofp\libgcc.a(_arm_fixdfsi.o)
                              ./objects/printf-stdarg.o (__aeabi_d2iz)
c:/gnu arm embedded toolchain/10 2021.10/bin/../lib/gcc/arm-none-eabi/10.3.1/thumb/v7e-m/nofp\libgcc.a(_arm_fixunsdfsi.o)
                              ./objects/printf-stdarg.o (__aeabi_d2uiz)
c:/gnu arm embedded toolchain/10 2021.10/bin/../lib/gcc/arm-none-eabi/10.3.1/thumb/v7e-m/nofp\libgcc.a(_aeabi_uldivmod.o)
                              ./objects/printf-stdarg.o (__aeabi_uldivmod)
c:/gnu arm embedded toolchain/10 2021.10/bin/../lib/gcc/arm-none-eabi/10.3.1/thumb/v7e-m/nofp\libgcc.a(_udivmoddi4.o)
                              c:/gnu arm embedded toolchain/10 2021.10/bin/../lib/gcc/arm-none-eabi/10.3.1/thumb/v7e-m/nofp\libgcc.a(_aeabi_uldivmod.o) (__udivmoddi4)
c:/gnu arm embedded toolchain/10 2021.10/bin/../lib/gcc/arm-none-eabi/10.3.1/thumb/v7e-m/nofp\libgcc.a(_dvmd_tls.o)
                              c:/gnu arm embedded toolchain/10 2021.10/bin/../lib/gcc/arm-none-eabi/10.3.1/thumb/v7e-m/nofp\libgcc.a(_aeabi_uldivmod.o) (__aeabi_ldiv0)
c:/gnu arm embedded toolchain/10 2021.10/bin/../lib/gcc/arm-none-eabi/10.3.1/../../../../arm-none-eabi/lib/thumb/v7e-m/nofp\libc.a(lib_a-exit.o)
                              c:/gnu arm embedded toolchain/10 2021.10/bin/../lib/gcc/arm-none-eabi/10.3.1/../../../../arm-none-eabi/lib/thumb/v7e-m/nofp/crt0.o (exit)
c:/gnu arm embedded toolchain/10 2021.10/bin/../lib/gcc/arm-none-eabi/10.3.1/../../../../arm-none-eabi/lib/thumb/v7e-m/nofp\libc.a(lib_a-impure.o)
                              c:/gnu arm embedded toolchain/10 2021.10/bin/../lib/gcc/arm-none-eabi/10.3.1/../../../../arm-none-eabi/lib/thumb/v7e-m/nofp\libc.a(lib_a-exit.o) (_global_impure_ptr)
c:/gnu arm embedded toolchain/10 2021.10/bin/../lib/gcc/arm-none-eabi/10.3.1/../../../../arm-none-eabi/lib/thumb/v7e-m/nofp\libc.a(lib_a-init.o)
                              c:/gnu arm embedded toolchain/10 2021.10/bin/../lib/gcc/arm-none-eabi/10.3.1/../../../../arm-none-eabi/lib/thumb/v7e-m/nofp/crt0.o (__libc_init_array)
c:/gnu arm embedded toolchain/10 2021.10/bin/../lib/gcc/arm-none-eabi/10.3.1/../../../../arm-none-eabi/lib/thumb/v7e-m/nofp\libc.a(lib_a-memset.o)
                              c:/gnu arm embedded toolchain/10 2021.10/bin/../lib/gcc/arm-none-eabi/10.3.1/../../../../arm-none-eabi/lib/thumb/v7e-m/nofp/crt0.o (memset)
c:/gnu arm embedded toolchain/10 2021.10/bin/../lib/gcc/arm-none-eabi/10.3.1/../../../../arm-none-eabi/lib/thumb/v7e-m/nofp\libc.a(lib_a-__call_atexit.o)
                              c:/gnu arm embedded toolchain/10 2021.10/bin/../lib/gcc/arm-none-eabi/10.3.1/../../../../arm-none-eabi/lib/thumb/v7e-m/nofp\libc.a(lib_a-exit.o) (__call_exitprocs)
c:/gnu arm embedded toolchain/10 2021.10/bin/../lib/gcc/arm-none-eabi/10.3.1/../../../../arm-none-eabi/lib/thumb/v7e-m/nofp\libc.a(lib_a-atexit.o)
                              c:/gnu arm embedded toolchain/10 2021.10/bin/../lib/gcc/arm-none-eabi/10.3.1/../../../../arm-none-eabi/lib/thumb/v7e-m/nofp\libc.a(lib_a-__call_atexit.o) (atexit)
c:/gnu arm embedded toolchain/10 2021.10/bin/../lib/gcc/arm-none-eabi/10.3.1/../../../../arm-none-eabi/lib/thumb/v7e-m/nofp\libc.a(lib_a-fini.o)
                              c:/gnu arm embedded toolchain/10 2021.10/bin/../lib/gcc/arm-none-eabi/10.3.1/../../../../arm-none-eabi/lib/thumb/v7e-m/nofp\libc.a(lib_a-__call_atexit.o) (__libc_fini_array)
c:/gnu arm embedded toolchain/10 2021.10/bin/../lib/gcc/arm-none-eabi/10.3.1/../../../../arm-none-eabi/lib/thumb/v7e-m/nofp\libc.a(lib_a-lock.o)
                              c:/gnu arm embedded toolchain/10 2021.10/bin/../lib/gcc/arm-none-eabi/10.3.1/../../../../arm-none-eabi/lib/thumb/v7e-m/nofp\libc.a(lib_a-__call_atexit.o) (__retarget_lock_acquire_recursive)
c:/gnu arm embedded toolchain/10 2021.10/bin/../lib/gcc/arm-none-eabi/10.3.1/../../../../arm-none-eabi/lib/thumb/v7e-m/nofp\libc.a(lib_a-__atexit.o)
[...]
Memory Configuration

Name             Origin             Length             Attributes
FLASH            0x08000000         0x00020000         xr
RAM              0x20000000         0x00004000         xrw
*default*        0x00000000         0xffffffff

Linker script and memory map

LOAD c:/gnu arm embedded toolchain/10 2021.10/bin/../lib/gcc/arm-none-eabi/10.3.1/thumb/v7e-m/nofp/crti.o
LOAD c:/gnu arm embedded toolchain/10 2021.10/bin/../lib/gcc/arm-none-eabi/10.3.1/thumb/v7e-m/nofp/crtbegin.o
LOAD c:/gnu arm embedded toolchain/10 2021.10/bin/../lib/gcc/arm-none-eabi/10.3.1/../../../../arm-none-eabi/lib/thumb/v7e-m/nofp/crt0.o
LOAD ./objects/system_cm4.o
LOAD ./objects/startup_cm4.o
LOAD ./objects/printf-stdarg.o
LOAD ./objects/tremo_adc.o
LOAD ./objects/tremo_bstimer.o
LOAD ./objects/tremo_crc.o
LOAD ./objects/tremo_dac.o
LOAD ./objects/tremo_delay.o
LOAD ./objects/tremo_dma.o
LOAD ./objects/tremo_flash.o
LOAD ./objects/tremo_gpio.o
LOAD ./objects/tremo_i2c.o
LOAD ./objects/tremo_i2s.o
LOAD ./objects/tremo_iwdg.o
LOAD ./objects/tremo_lcd.o
LOAD ./objects/tremo_lptimer.o
LOAD ./objects/tremo_lpuart.o
LOAD ./objects/tremo_pwr.o
LOAD ./objects/tremo_rcc.o
LOAD ./objects/tremo_rtc.o
LOAD ./objects/tremo_spi.o
LOAD ./objects/tremo_system.o
LOAD ./objects/tremo_timer.o
LOAD ./objects/tremo_uart.o
LOAD ./objects/tremo_wdg.o
LOAD ./objects/main.o
LOAD ./objects/tremo_it.o
LOAD ./objects/device.o
LOAD ./objects/i2c.o
LOAD ./objects/debug.o
START GROUP
LOAD c:/gnu arm embedded toolchain/10 2021.10/bin/../lib/gcc/arm-none-eabi/10.3.1/thumb/v7e-m/nofp\libgcc.a
LOAD c:/gnu arm embedded toolchain/10 2021.10/bin/../lib/gcc/arm-none-eabi/10.3.1/../../../../arm-none-eabi/lib/thumb/v7e-m/nofp\libc.a
END GROUP
LOAD c:/gnu arm embedded toolchain/10 2021.10/bin/../lib/gcc/arm-none-eabi/10.3.1/thumb/v7e-m/nofp/crtend.o
LOAD c:/gnu arm embedded toolchain/10 2021.10/bin/../lib/gcc/arm-none-eabi/10.3.1/thumb/v7e-m/nofp/crtn.o
                0x20004000                _estack = 0x20004000
                0x00000000                _HEAP_SIZE = 0x0
                0x00001000                _STACK_SIZE = 0x1000

.isr_vector     0x08000000       0xd4
                0x08000000                . = ALIGN (0x4)
 *(.isr_vector)
 .isr_vector    0x08000000       0xd4 ./objects/startup_cm4.o
                0x08000000                g_pfnVectors
                0x080000d4                . = ALIGN (0x4)

.text           0x080000d8     0x3c50
                0x080000d8                . = ALIGN (0x4)
 *(.text)
 .text          0x080000d8       0x40 c:/gnu arm embedded toolchain/10 2021.10/bin/../lib/gcc/arm-none-eabi/10.3.1/thumb/v7e-m/nofp/crtbegin.o
 .text          0x08000118      0x378 c:/gnu arm embedded toolchain/10 2021.10/bin/../lib/gcc/arm-none-eabi/10.3.1/thumb/v7e-m/nofp\libgcc.a(_arm_addsubdf3.o)
                0x08000118                __aeabi_drsub
                0x08000120                __aeabi_dsub
                0x08000120                __subdf3
                0x08000124                __aeabi_dadd
                0x08000124                __adddf3
                0x0800039c                __floatunsidf
                0x0800039c                __aeabi_ui2d
                0x080003bc                __floatsidf
                0x080003bc                __aeabi_i2d
                0x080003e0                __aeabi_f2d
                0x080003e0                __extendsfdf2
                0x08000424                __floatundidf
                0x08000424                __aeabi_ul2d
                0x08000434                __floatdidf
                0x08000434                __aeabi_l2d
 .text          0x08000490      0x424 c:/gnu arm embedded toolchain/10 2021.10/bin/../lib/gcc/arm-none-eabi/10.3.1/thumb/v7e-m/nofp\libgcc.a(_arm_muldivdf3.o)
                0x08000490                __aeabi_dmul
                0x08000490                __muldf3
                0x080006e4                __divdf3
                0x080006e4                __aeabi_ddiv
 .text          0x080008b4      0x110 c:/gnu arm embedded toolchain/10 2021.10/bin/../lib/gcc/arm-none-eabi/10.3.1/thumb/v7e-m/nofp\libgcc.a(_arm_cmpdf2.o)
                0x080008b4                __gtdf2
                0x080008b4                __gedf2
                0x080008bc                __ltdf2
                0x080008bc                __ledf2
                0x080008c4                __nedf2
                0x080008c4                __eqdf2
                0x080008c4                __cmpdf2
                0x08000940                __aeabi_cdrcmple
                0x08000950                __aeabi_cdcmpeq
                0x08000950                __aeabi_cdcmple
                0x08000960                __aeabi_dcmpeq
                0x08000974                __aeabi_dcmplt
                0x08000988                __aeabi_dcmple
                0x0800099c                __aeabi_dcmpge
                0x080009b0                __aeabi_dcmpgt
 .text          0x080009c4       0x50 c:/gnu arm embedded toolchain/10 2021.10/bin/../lib/gcc/arm-none-eabi/10.3.1/thumb/v7e-m/nofp\libgcc.a(_arm_fixdfsi.o)
                0x080009c4                __aeabi_d2iz
                0x080009c4                __fixdfsi
 .text          0x08000a14       0x40 c:/gnu arm embedded toolchain/10 2021.10/bin/../lib/gcc/arm-none-eabi/10.3.1/thumb/v7e-m/nofp\libgcc.a(_arm_fixunsdfsi.o)
                0x08000a14                __aeabi_d2uiz
                0x08000a14                __fixunsdfsi
 .text          0x08000a54       0x30 c:/gnu arm embedded toolchain/10 2021.10/bin/../lib/gcc/arm-none-eabi/10.3.1/thumb/v7e-m/nofp\libgcc.a(_aeabi_uldivmod.o)
                0x08000a54                __aeabi_uldivmod
 .text          0x08000a84      0x2d0 c:/gnu arm embedded toolchain/10 2021.10/bin/../lib/gcc/arm-none-eabi/10.3.1/thumb/v7e-m/nofp\libgcc.a(_udivmoddi4.o)
                0x08000a84                __udivmoddi4
 .text          0x08000d54        0x4 c:/gnu arm embedded toolchain/10 2021.10/bin/../lib/gcc/arm-none-eabi/10.3.1/thumb/v7e-m/nofp\libgcc.a(_dvmd_tls.o)
                0x08000d54                __aeabi_idiv0
                0x08000d54                __aeabi_ldiv0
 *(.text*)
 .text.NVIC_SetPriority
                0x08000d58       0x54 ./objects/system_cm4.o
 .text.nvic_init
                0x08000dac       0x38 ./objects/system_cm4.o
                0x08000dac                nvic_init
 .text.system_init
                0x08000de4       0x58 ./objects/system_cm4.o
                0x08000de4                system_init
 .text.Reset_Handler
                0x08000e3c       0x48 ./objects/startup_cm4.o
                0x08000e3c                Reset_Handler
 .text.Default_Handler
                0x08000e84        0x2 ./objects/startup_cm4.o
                0x08000e84                GPIO_IRQHandler
                0x08000e84                SCC_IRQHandler
                0x08000e84                TIMER2_IRQHandler
                0x08000e84                EFC_IRQHandler
                0x08000e84                I2C0_IRQHandler
                0x08000e84                SAC_IRQHandler
                0x08000e84                I2C1_IRQHandler
                0x08000e84                UART1_IRQHandler
                0x08000e84                BSTIMER0_IRQHandler
                0x08000e84                TIMER3_IRQHandler
                0x08000e84                UART0_IRQHandler
                0x08000e84                SEC_IRQHandler
                0x08000e84                WDG_IRQHandler
                0x08000e84                LPTIMER1_IRQHandler
                0x08000e84                LPTIMER0_IRQHandler
                0x08000e84                SSP0_IRQHandler
                0x08000e84                I2S_IRQHandler
                0x08000e84                I2C2_IRQHandler
                0x08000e84                RTC_IRQHandler
                0x08000e84                TIMER0_IRQHandler
                0x08000e84                LCD_IRQHandler
                0x08000e84                LPUART_IRQHandler
                0x08000e84                TIMER1_IRQHandler
                0x08000e84                UART2_IRQHandler
                0x08000e84                Default_Handler
                0x08000e84                ADC_IRQHandler
                0x08000e84                SSP1_IRQHandler
                0x08000e84                DMA0_IRQHandler
                0x08000e84                LORA_IRQHandler
                0x08000e84                IWDG_IRQHandler
                0x08000e84                SSP2_IRQHandler
                0x08000e84                BSTIMER1_IRQHandler
                0x08000e84                DAC_IRQHandler
                0x08000e84                AFEC_IRQHandler
                0x08000e84                UART3_IRQHandler
                0x08000e84                QSPI_IRQHandler
                0x08000e84                DMA1_IRQHandler
 .text._out_null
                0x08000e86       0x1c ./objects/printf-stdarg.o
 *fill*         0x08000ea2        0x2 
 .text._out_char
                0x08000ea4       0x2c ./objects/printf-stdarg.o
 .text._strnlen_s
                0x08000ed0       0x3a ./objects/printf-stdarg.o
 .text._is_digit
                0x08000f0a       0x2e ./objects/printf-stdarg.o
 .text._atoi    0x08000f38       0x48 ./objects/printf-stdarg.o
 .text._out_rev
                0x08000f80       0xa0 ./objects/printf-stdarg.o
 .text._ntoa_format
                0x08001020      0x1b8 ./objects/printf-stdarg.o
 .text._ntoa_long
                0x080011d8       0xcc ./objects/printf-stdarg.o
 .text._ntoa_long_long
                0x080012a4       0xda ./objects/printf-stdarg.o
 *fill*         0x0800137e        0x2 
 .text._ftoa    0x08001380      0x4b0 ./objects/printf-stdarg.o
 .text._etoa    0x08001830      0x4f0 ./objects/printf-stdarg.o
 .text._vsnprintf
                0x08001d20      0x9d0 ./objects/printf-stdarg.o
 .text.__wrap_printf
                0x080026f0       0x38 ./objects/printf-stdarg.o
                0x080026f0                __wrap_printf
 .text.NVIC_SetPriority
                0x08002728       0x54 ./objects/tremo_delay.o
 .text.SysTick_Config
                0x0800277c       0x44 ./objects/tremo_delay.o
 .text.delay_init
                0x080027c0       0x68 ./objects/tremo_delay.o
                0x080027c0                delay_init
 .text.gpio_set_iomux
                0x08002828       0xbc ./objects/tremo_gpio.o
                0x08002828                gpio_set_iomux
 .text.unit_reset
                0x080028e4       0x6c ./objects/tremo_i2c.o
 .text.i2c_config_init
                0x08002950       0x26 ./objects/tremo_i2c.o
                0x08002950                i2c_config_init
 *fill*         0x08002976        0x2 
 .text.i2c_init
                0x08002978       0xd0 ./objects/tremo_i2c.o
                0x08002978                i2c_init
 .text.i2c_cmd  0x08002a48       0x58 ./objects/tremo_i2c.o
                0x08002a48                i2c_cmd
 .text.rcc_get_clk_freq
                0x08002aa0      0x16c ./objects/tremo_rcc.o
                0x08002aa0                rcc_get_clk_freq
 .text.rcc_get_uart0_clk_source
                0x08002c0c       0x18 ./objects/tremo_rcc.o
                0x08002c0c                rcc_get_uart0_clk_source
 .text.rcc_get_uart1_clk_source
                0x08002c24       0x1c ./objects/tremo_rcc.o
                0x08002c24                rcc_get_uart1_clk_source
 .text.rcc_get_uart2_clk_source
                0x08002c40       0x1c ./objects/tremo_rcc.o
                0x08002c40                rcc_get_uart2_clk_source
 .text.rcc_get_uart3_clk_source
                0x08002c5c       0x1c ./objects/tremo_rcc.o
                0x08002c5c                rcc_get_uart3_clk_source
 .text.rcc_enable_peripheral_clk
                0x08002c78      0xafc ./objects/tremo_rcc.o
                0x08002c78                rcc_enable_peripheral_clk
 .text.calc_uart_baud
                0x08003774       0x72 ./objects/tremo_uart.o
 .text.uart_get_flag_status
                0x080037e6       0x28 ./objects/tremo_uart.o
                0x080037e6                uart_get_flag_status
 .text.uart_send_data
                0x0800380e       0x2a ./objects/tremo_uart.o
                0x0800380e                uart_send_data
 .text.uart_config_init
                0x08003838       0x40 ./objects/tremo_uart.o
                0x08003838                uart_config_init
 .text.uart_cmd
                0x08003878       0x38 ./objects/tremo_uart.o
                0x08003878                uart_cmd
 .text.uart_init
                0x080038b0      0x1ec ./objects/tremo_uart.o
                0x080038b0                uart_init
 .text.main     0x08003a9c       0x14 ./objects/main.o
                0x08003a9c                main
 .text.NMI_Handler
                0x08003ab0        0xe ./objects/tremo_it.o
                0x08003ab0                NMI_Handler
 .text.HardFault_Handler
                0x08003abe        0x6 ./objects/tremo_it.o
                0x08003abe                HardFault_Handler
 .text.MemManage_Handler
                0x08003ac4        0x6 ./objects/tremo_it.o
                0x08003ac4                MemManage_Handler
 .text.BusFault_Handler
                0x08003aca        0x6 ./objects/tremo_it.o
                0x08003aca                BusFault_Handler
 .text.UsageFault_Handler
                0x08003ad0        0x6 ./objects/tremo_it.o
                0x08003ad0                UsageFault_Handler
 .text.SVC_Handler
                0x08003ad6        0xe ./objects/tremo_it.o
                0x08003ad6                SVC_Handler
 .text.PendSV_Handler
                0x08003ae4        0xe ./objects/tremo_it.o
                0x08003ae4                PendSV_Handler
 .text.SysTick_Handler
                0x08003af2        0xe ./objects/tremo_it.o
                0x08003af2                SysTick_Handler
 .text.PWR_IRQHandler
                0x08003b00        0xe ./objects/tremo_it.o
                0x08003b00                PWR_IRQHandler
 *fill*         0x08003b0e        0x2 
 .text.device_init
                0x08003b10       0x30 ./objects/device.o
                0x08003b10                device_init
 .text.device_i2c_init
                0x08003b40       0x50 ./objects/i2c.o
                0x08003b40                device_i2c_init
 .text.device_debug_init
                0x08003b90       0x58 ./objects/debug.o
                0x08003b90                device_debug_init
 .text.__libc_init_array
                0x08003be8       0x48 c:/gnu arm embedded toolchain/10 2021.10/bin/../lib/gcc/arm-none-eabi/10.3.1/../../../../arm-none-eabi/lib/thumb/v7e-m/nofp\libc.a(lib_a-init.o)
                0x08003be8                __libc_init_array
 .text.startup.register_fini
                0x08003c30       0x14 c:/gnu arm embedded toolchain/10 2021.10/bin/../lib/gcc/arm-none-eabi/10.3.1/../../../../arm-none-eabi/lib/thumb/v7e-m/nofp\libc.a(lib_a-__call_atexit.o)
 .text.atexit   0x08003c44        0xc c:/gnu arm embedded toolchain/10 2021.10/bin/../lib/gcc/arm-none-eabi/10.3.1/../../../../arm-none-eabi/lib/thumb/v7e-m/nofp\libc.a(lib_a-atexit.o)
                0x08003c44                atexit
 .text.__libc_fini_array
                0x08003c50       0x2c c:/gnu arm embedded toolchain/10 2021.10/bin/../lib/gcc/arm-none-eabi/10.3.1/../../../../arm-none-eabi/lib/thumb/v7e-m/nofp\libc.a(lib_a-fini.o)
                0x08003c50                __libc_fini_array
 .text.__retarget_lock_acquire_recursive
                0x08003c7c        0x4 c:/gnu arm embedded toolchain/10 2021.10/bin/../lib/gcc/arm-none-eabi/10.3.1/../../../../arm-none-eabi/lib/thumb/v7e-m/nofp\libc.a(lib_a-lock.o)
                0x08003c7c                __retarget_lock_acquire_recursive
 .text.__retarget_lock_release_recursive
                0x08003c80        0x4 c:/gnu arm embedded toolchain/10 2021.10/bin/../lib/gcc/arm-none-eabi/10.3.1/../../../../arm-none-eabi/lib/thumb/v7e-m/nofp\libc.a(lib_a-lock.o)
                0x08003c80                __retarget_lock_release_recursive
 .text.__register_exitproc
                0x08003c84       0x8c c:/gnu arm embedded toolchain/10 2021.10/bin/../lib/gcc/arm-none-eabi/10.3.1/../../../../arm-none-eabi/lib/thumb/v7e-m/nofp\libc.a(lib_a-__atexit.o)
                0x08003c84                __register_exitproc
 *(.glue_7)
 .glue_7        0x08003d10        0x0 linker stubs
 *(.glue_7t)
 .glue_7t       0x08003d10        0x0 linker stubs
 *(.eh_frame)
 .eh_frame      0x08003d10        0x0 c:/gnu arm embedded toolchain/10 2021.10/bin/../lib/gcc/arm-none-eabi/10.3.1/thumb/v7e-m/nofp/crtbegin.o
 *(.init)
 .init          0x08003d10        0x4 c:/gnu arm embedded toolchain/10 2021.10/bin/../lib/gcc/arm-none-eabi/10.3.1/thumb/v7e-m/nofp/crti.o
                0x08003d10                _init
 .init          0x08003d14        0x8 c:/gnu arm embedded toolchain/10 2021.10/bin/../lib/gcc/arm-none-eabi/10.3.1/thumb/v7e-m/nofp/crtn.o
 *(.fini)
 .fini          0x08003d1c        0x4 c:/gnu arm embedded toolchain/10 2021.10/bin/../lib/gcc/arm-none-eabi/10.3.1/thumb/v7e-m/nofp/crti.o
                0x08003d1c                _fini
 .fini          0x08003d20        0x8 c:/gnu arm embedded toolchain/10 2021.10/bin/../lib/gcc/arm-none-eabi/10.3.1/thumb/v7e-m/nofp/crtn.o
                0x08003d28                . = ALIGN (0x4)
                0x08003d28                _etext = .

.vfp11_veneer   0x08003d28        0x0
 .vfp11_veneer  0x08003d28        0x0 linker stubs

.v4_bx          0x08003d28        0x0
 .v4_bx         0x08003d28        0x0 linker stubs

.iplt           0x08003d28        0x0
 .iplt          0x08003d28        0x0 c:/gnu arm embedded toolchain/10 2021.10/bin/../lib/gcc/arm-none-eabi/10.3.1/thumb/v7e-m/nofp/crtbegin.o

.rodata         0x08003d28       0xb4
                0x08003d28                . = ALIGN (0x4)
 *(.rodata)
 .rodata        0x08003d28       0x70 ./objects/printf-stdarg.o
 .rodata        0x08003d98       0x16 ./objects/main.o
 *fill*         0x08003dae        0x2 
 .rodata        0x08003db0       0x27 ./objects/device.o
 *(.rodata*)
 *fill*         0x08003dd7        0x1 
 .rodata._global_impure_ptr
                0x08003dd8        0x4 c:/gnu arm embedded toolchain/10 2021.10/bin/../lib/gcc/arm-none-eabi/10.3.1/../../../../arm-none-eabi/lib/thumb/v7e-m/nofp\libc.a(lib_a-impure.o)
                0x08003dd8                _global_impure_ptr
                0x08003ddc                . = ALIGN (0x4)

.ARM.extab
 *(.ARM.extab* .gnu.linkonce.armextab.*)

.ARM            0x08003ddc        0x8
                0x08003ddc                __exidx_start = .
 *(.ARM.exidx*)
 .ARM.exidx     0x08003ddc        0x8 c:/gnu arm embedded toolchain/10 2021.10/bin/../lib/gcc/arm-none-eabi/10.3.1/thumb/v7e-m/nofp\libgcc.a(_udivmoddi4.o)
                0x08003de4                __exidx_end = .

.rel.dyn        0x08003de4        0x0
 .rel.iplt      0x08003de4        0x0 c:/gnu arm embedded toolchain/10 2021.10/bin/../lib/gcc/arm-none-eabi/10.3.1/thumb/v7e-m/nofp/crtbegin.o

.preinit_array  0x08003de4        0x0
                0x08003de4                PROVIDE (__preinit_array_start = .)
 *(.preinit_array*)
                0x08003de4                PROVIDE (__preinit_array_end = .)

.init_array     0x08003de4        0x8
                0x08003de4                PROVIDE (__init_array_start = .)
 *(SORT_BY_NAME(.init_array.*))
 .init_array.00000
                0x08003de4        0x4 c:/gnu arm embedded toolchain/10 2021.10/bin/../lib/gcc/arm-none-eabi/10.3.1/../../../../arm-none-eabi/lib/thumb/v7e-m/nofp\libc.a(lib_a-__call_atexit.o)
 *(.init_array*)
 .init_array    0x08003de8        0x4 c:/gnu arm embedded toolchain/10 2021.10/bin/../lib/gcc/arm-none-eabi/10.3.1/thumb/v7e-m/nofp/crtbegin.o
                0x08003dec                PROVIDE (__init_array_end = .)

.fini_array     0x08003dec        0x4
                0x08003dec                PROVIDE (__fini_array_start = .)
 *(SORT_BY_NAME(.fini_array.*))
 *(.fini_array*)
 .fini_array    0x08003dec        0x4 c:/gnu arm embedded toolchain/10 2021.10/bin/../lib/gcc/arm-none-eabi/10.3.1/thumb/v7e-m/nofp/crtbegin.o
                0x08003df0                PROVIDE (__fini_array_end = .)
                0x08003df0                _sidata = LOADADDR (.data)

.data           0x20000000      0x42c load address 0x08003df0
                0x20000000                . = ALIGN (0x4)
                0x20000000                _sdata = .
 *(.data)
 *(.data*)
 .data.impure_data
                0x20000000      0x428 c:/gnu arm embedded toolchain/10 2021.10/bin/../lib/gcc/arm-none-eabi/10.3.1/../../../../arm-none-eabi/lib/thumb/v7e-m/nofp\libc.a(lib_a-impure.o)
 .data.__atexit_recursive_mutex
                0x20000428        0x4 c:/gnu arm embedded toolchain/10 2021.10/bin/../lib/gcc/arm-none-eabi/10.3.1/../../../../arm-none-eabi/lib/thumb/v7e-m/nofp\libc.a(lib_a-__call_atexit.o)
                0x20000428                __atexit_recursive_mutex
                0x2000042c                . = ALIGN (0x4)
                0x2000042c                _edata = .

.igot.plt       0x2000042c        0x0 load address 0x0800421c
 .igot.plt      0x2000042c        0x0 c:/gnu arm embedded toolchain/10 2021.10/bin/../lib/gcc/arm-none-eabi/10.3.1/thumb/v7e-m/nofp/crtbegin.o
                0x2000042c                . = ALIGN (0x4)

.bss            0x2000042c       0x38 load address 0x0800421c
                0x2000042c                _sbss = .
                0x2000042c                __bss_start__ = _sbss
 *(.bss)
 .bss           0x2000042c       0x1c c:/gnu arm embedded toolchain/10 2021.10/bin/../lib/gcc/arm-none-eabi/10.3.1/thumb/v7e-m/nofp/crtbegin.o
 .bss           0x20000448        0x4 ./objects/tremo_delay.o
 .bss           0x2000044c        0x8 ./objects/i2c.o
 .bss           0x20000454        0xc ./objects/debug.o
 *(.bss*)
 .bss.__lock___atexit_recursive_mutex
                0x20000460        0x1 c:/gnu arm embedded toolchain/10 2021.10/bin/../lib/gcc/arm-none-eabi/10.3.1/../../../../arm-none-eabi/lib/thumb/v7e-m/nofp\libc.a(lib_a-lock.o)
                0x20000460                __lock___atexit_recursive_mutex
 *(COMMON)
                0x20000464                . = ALIGN (0x4)
 *fill*         0x20000461        0x3 
                0x20000464                _ebss = .
                0x20000464                __bss_end__ = _ebss

.heap           0x20000464        0x0 load address 0x0800421c
                0x20000464                . = ALIGN (0x4)
                0x20000464                _heap_bottom = .
                0x20000464                end = _heap_bottom
                0x20000464                _end = end
                0x20000464                __end = end
                0x20000464                . = (. + _HEAP_SIZE)
                0x20000464                _heap_top = .

.stack          0x20000464     0x1000 load address 0x0800421c
                0x20000464                . = ALIGN (0x4)
                0x20000464                _stack_bottom = .
                0x20001464                . = (. + _STACK_SIZE)
 *fill*         0x20000464     0x1000 
                0x20001464                _stack_top = .

/DISCARD/
 libc.a(*)
 libm.a(*)
 libgcc.a(*)

.ARM.attributes
                0x00000000       0x2e
 *(.ARM.attributes)
 .ARM.attributes
                0x00000000       0x1e c:/gnu arm embedded toolchain/10 2021.10/bin/../lib/gcc/arm-none-eabi/10.3.1/thumb/v7e-m/nofp/crti.o
 .ARM.attributes
                0x0000001e       0x2e c:/gnu arm embedded toolchain/10 2021.10/bin/../lib/gcc/arm-none-eabi/10.3.1/thumb/v7e-m/nofp/crtbegin.o
 .ARM.attributes
                0x0000004c       0x32 ./objects/system_cm4.o
 .ARM.attributes
                0x0000007e       0x25 ./objects/startup_cm4.o
 .ARM.attributes
                0x000000a3       0x32 ./objects/printf-stdarg.o
 .ARM.attributes
                0x000000d5       0x32 ./objects/tremo_delay.o
 .ARM.attributes
                0x00000107       0x32 ./objects/tremo_gpio.o
 .ARM.attributes
                0x00000139       0x32 ./objects/tremo_i2c.o
 .ARM.attributes
                0x0000016b       0x32 ./objects/tremo_rcc.o
 .ARM.attributes
                0x0000019d       0x32 ./objects/tremo_uart.o
 .ARM.attributes
                0x000001cf       0x32 ./objects/main.o
 .ARM.attributes
                0x00000201       0x32 ./objects/tremo_it.o
 .ARM.attributes
                0x00000233       0x32 ./objects/device.o
 .ARM.attributes
                0x00000265       0x32 ./objects/i2c.o
 .ARM.attributes
                0x00000297       0x32 ./objects/debug.o
 .ARM.attributes
                0x000002c9       0x1e c:/gnu arm embedded toolchain/10 2021.10/bin/../lib/gcc/arm-none-eabi/10.3.1/thumb/v7e-m/nofp\libgcc.a(_arm_addsubdf3.o)
 .ARM.attributes
                0x000002e7       0x1e c:/gnu arm embedded toolchain/10 2021.10/bin/../lib/gcc/arm-none-eabi/10.3.1/thumb/v7e-m/nofp\libgcc.a(_arm_muldivdf3.o)
 .ARM.attributes
                0x00000305       0x1e c:/gnu arm embedded toolchain/10 2021.10/bin/../lib/gcc/arm-none-eabi/10.3.1/thumb/v7e-m/nofp\libgcc.a(_arm_cmpdf2.o)
 .ARM.attributes
                0x00000323       0x1e c:/gnu arm embedded toolchain/10 2021.10/bin/../lib/gcc/arm-none-eabi/10.3.1/thumb/v7e-m/nofp\libgcc.a(_arm_fixdfsi.o)
 .ARM.attributes
                0x00000341       0x1e c:/gnu arm embedded toolchain/10 2021.10/bin/../lib/gcc/arm-none-eabi/10.3.1/thumb/v7e-m/nofp\libgcc.a(_arm_fixunsdfsi.o)
 .ARM.attributes
                0x0000035f       0x1e c:/gnu arm embedded toolchain/10 2021.10/bin/../lib/gcc/arm-none-eabi/10.3.1/thumb/v7e-m/nofp\libgcc.a(_aeabi_uldivmod.o)
 .ARM.attributes
                0x0000037d       0x2e c:/gnu arm embedded toolchain/10 2021.10/bin/../lib/gcc/arm-none-eabi/10.3.1/thumb/v7e-m/nofp\libgcc.a(_udivmoddi4.o)
 .ARM.attributes
                0x000003ab       0x1e c:/gnu arm embedded toolchain/10 2021.10/bin/../lib/gcc/arm-none-eabi/10.3.1/thumb/v7e-m/nofp\libgcc.a(_dvmd_tls.o)
 .ARM.attributes
                0x000003c9       0x2e c:/gnu arm embedded toolchain/10 2021.10/bin/../lib/gcc/arm-none-eabi/10.3.1/../../../../arm-none-eabi/lib/thumb/v7e-m/nofp\libc.a(lib_a-impure.o)
 .ARM.attributes
                0x000003f7       0x2e c:/gnu arm embedded toolchain/10 2021.10/bin/../lib/gcc/arm-none-eabi/10.3.1/../../../../arm-none-eabi/lib/thumb/v7e-m/nofp\libc.a(lib_a-init.o)
 .ARM.attributes
                0x00000425       0x2e c:/gnu arm embedded toolchain/10 2021.10/bin/../lib/gcc/arm-none-eabi/10.3.1/../../../../arm-none-eabi/lib/thumb/v7e-m/nofp\libc.a(lib_a-__call_atexit.o)
 .ARM.attributes
                0x00000453       0x2e c:/gnu arm embedded toolchain/10 2021.10/bin/../lib/gcc/arm-none-eabi/10.3.1/../../../../arm-none-eabi/lib/thumb/v7e-m/nofp\libc.a(lib_a-atexit.o)
 .ARM.attributes
                0x00000481       0x2e c:/gnu arm embedded toolchain/10 2021.10/bin/../lib/gcc/arm-none-eabi/10.3.1/../../../../arm-none-eabi/lib/thumb/v7e-m/nofp\libc.a(lib_a-fini.o)
 .ARM.attributes
                0x000004af       0x2e c:/gnu arm embedded toolchain/10 2021.10/bin/../lib/gcc/arm-none-eabi/10.3.1/../../../../arm-none-eabi/lib/thumb/v7e-m/nofp\libc.a(lib_a-lock.o)
 .ARM.attributes
                0x000004dd       0x2e c:/gnu arm embedded toolchain/10 2021.10/bin/../lib/gcc/arm-none-eabi/10.3.1/../../../../arm-none-eabi/lib/thumb/v7e-m/nofp\libc.a(lib_a-__atexit.o)
 .ARM.attributes
                0x0000050b       0x1e c:/gnu arm embedded toolchain/10 2021.10/bin/../lib/gcc/arm-none-eabi/10.3.1/thumb/v7e-m/nofp/crtn.o
OUTPUT(./Objects/LoraCardReader.elf elf32-littlearm)
LOAD linker stubs
LOAD c:/gnu arm embedded toolchain/10 2021.10/bin/../lib/gcc/arm-none-eabi/10.3.1/../../../../arm-none-eabi/lib/thumb/v7e-m/nofp\libc.a
LOAD c:/gnu arm embedded toolchain/10 2021.10/bin/../lib/gcc/arm-none-eabi/10.3.1/../../../../arm-none-eabi/lib/thumb/v7e-m/nofp\libm.a
LOAD c:/gnu arm embedded toolchain/10 2021.10/bin/../lib/gcc/arm-none-eabi/10.3.1/thumb/v7e-m/nofp\libgcc.a

.debug_info     0x00000000     0x58c2
 .debug_info    0x00000000      0x7b5 ./objects/system_cm4.o
 .debug_info    0x000007b5       0x22 ./objects/startup_cm4.o
 .debug_info    0x000007d7      0xe86 ./objects/printf-stdarg.o
 .debug_info    0x0000165d      0x713 ./objects/tremo_delay.o
 .debug_info    0x00001d70      0x792 ./objects/tremo_gpio.o
 .debug_info    0x00002502      0x9b5 ./objects/tremo_i2c.o
 .debug_info    0x00002eb7     0x10a4 ./objects/tremo_rcc.o
 .debug_info    0x00003f5b      0xa5e ./objects/tremo_uart.o
 .debug_info    0x000049b9       0x99 ./objects/main.o
 .debug_info    0x00004a52       0xf8 ./objects/tremo_it.o
 .debug_info    0x00004b4a       0xa6 ./objects/device.o
 .debug_info    0x00004bf0      0x6c1 ./objects/i2c.o
 .debug_info    0x000052b1      0x611 ./objects/debug.o

.debug_abbrev   0x00000000     0x11a5
 .debug_abbrev  0x00000000      0x182 ./objects/system_cm4.o
 .debug_abbrev  0x00000182       0x12 ./objects/startup_cm4.o
 .debug_abbrev  0x00000194      0x262 ./objects/printf-stdarg.o
 .debug_abbrev  0x000003f6      0x18c ./objects/tremo_delay.o
 .debug_abbrev  0x00000582      0x1c1 ./objects/tremo_gpio.o
 .debug_abbrev  0x00000743      0x206 ./objects/tremo_i2c.o
 .debug_abbrev  0x00000949      0x228 ./objects/tremo_rcc.o
 .debug_abbrev  0x00000b71      0x218 ./objects/tremo_uart.o
 .debug_abbrev  0x00000d89       0x48 ./objects/main.o
 .debug_abbrev  0x00000dd1       0x48 ./objects/tremo_it.o
 .debug_abbrev  0x00000e19       0x5e ./objects/device.o
 .debug_abbrev  0x00000e77      0x1f8 ./objects/i2c.o
 .debug_abbrev  0x0000106f      0x136 ./objects/debug.o

.debug_loc      0x00000000     0x2a72
 .debug_loc     0x00000000       0xd8 ./objects/system_cm4.o
 .debug_loc     0x000000d8      0x5d2 ./objects/printf-stdarg.o
 .debug_loc     0x000006aa      0x1a8 ./objects/tremo_delay.o
 .debug_loc     0x00000852      0x414 ./objects/tremo_gpio.o
 .debug_loc     0x00000c66      0x604 ./objects/tremo_i2c.o
 .debug_loc     0x0000126a      0xe2c ./objects/tremo_rcc.o
 .debug_loc     0x00002096      0x5e0 ./objects/tremo_uart.o
 .debug_loc     0x00002676       0x2c ./objects/main.o
 .debug_loc     0x000026a2      0x204 ./objects/tremo_it.o
 .debug_loc     0x000028a6       0x2c ./objects/device.o
 .debug_loc     0x000028d2      0x174 ./objects/i2c.o
 .debug_loc     0x00002a46       0x2c ./objects/debug.o

.debug_aranges  0x00000000      0x570
 .debug_aranges
                0x00000000       0x30 ./objects/system_cm4.o
 .debug_aranges
                0x00000030       0x28 ./objects/startup_cm4.o
 .debug_aranges
                0x00000058       0xa0 ./objects/printf-stdarg.o
 .debug_aranges
                0x000000f8       0x40 ./objects/tremo_delay.o
 .debug_aranges
                0x00000138       0x78 ./objects/tremo_gpio.o
 .debug_aranges
                0x000001b0       0xa0 ./objects/tremo_i2c.o
 .debug_aranges
                0x00000250      0x178 ./objects/tremo_rcc.o
 .debug_aranges
                0x000003c8       0xa0 ./objects/tremo_uart.o
 .debug_aranges
                0x00000468       0x20 ./objects/main.o
 .debug_aranges
                0x00000488       0x60 ./objects/tremo_it.o
 .debug_aranges
                0x000004e8       0x20 ./objects/device.o
 .debug_aranges
                0x00000508       0x48 ./objects/i2c.o
 .debug_aranges
                0x00000550       0x20 ./objects/debug.o

.debug_ranges   0x00000000      0x4a8
 .debug_ranges  0x00000000       0x20 ./objects/system_cm4.o
 .debug_ranges  0x00000020       0x20 ./objects/startup_cm4.o
 .debug_ranges  0x00000040       0x90 ./objects/printf-stdarg.o
 .debug_ranges  0x000000d0       0x30 ./objects/tremo_delay.o
 .debug_ranges  0x00000100       0x68 ./objects/tremo_gpio.o
 .debug_ranges  0x00000168       0x90 ./objects/tremo_i2c.o
 .debug_ranges  0x000001f8      0x168 ./objects/tremo_rcc.o
 .debug_ranges  0x00000360       0x90 ./objects/tremo_uart.o
 .debug_ranges  0x000003f0       0x10 ./objects/main.o
 .debug_ranges  0x00000400       0x50 ./objects/tremo_it.o
 .debug_ranges  0x00000450       0x10 ./objects/device.o
 .debug_ranges  0x00000460       0x38 ./objects/i2c.o
 .debug_ranges  0x00000498       0x10 ./objects/debug.o

.debug_line     0x00000000     0x3950
 .debug_line    0x00000000      0x20b ./objects/system_cm4.o
 .debug_line    0x0000020b       0x82 ./objects/startup_cm4.o
 .debug_line    0x0000028d      0xd27 ./objects/printf-stdarg.o
 .debug_line    0x00000fb4      0x29c ./objects/tremo_delay.o
 .debug_line    0x00001250      0x6d1 ./objects/tremo_gpio.o
 .debug_line    0x00001921      0x505 ./objects/tremo_i2c.o
 .debug_line    0x00001e26     0x1008 ./objects/tremo_rcc.o
 .debug_line    0x00002e2e      0x52a ./objects/tremo_uart.o
 .debug_line    0x00003358       0x6e ./objects/main.o
 .debug_line    0x000033c6      0x117 ./objects/tremo_it.o
 .debug_line    0x000034dd       0x4f ./objects/device.o
 .debug_line    0x0000352c      0x2af ./objects/i2c.o
 .debug_line    0x000037db      0x175 ./objects/debug.o

.debug_str      0x00000000     0x2ad7
 .debug_str     0x00000000      0x5e2 ./objects/system_cm4.o
                                0x64d (size before relaxing)
 .debug_str     0x000005e2       0x35 ./objects/startup_cm4.o
                                 0x8b (size before relaxing)
 .debug_str     0x00000617      0x20a ./objects/printf-stdarg.o
                                0x45f (size before relaxing)
 .debug_str     0x00000821       0xdf ./objects/tremo_delay.o
                                0x5f8 (size before relaxing)
 .debug_str     0x00000900      0x683 ./objects/tremo_gpio.o
                                0x8c2 (size before relaxing)
 .debug_str     0x00000f83      0x54b ./objects/tremo_i2c.o
                                0xb40 (size before relaxing)
 .debug_str     0x000014ce      0xf26 ./objects/tremo_rcc.o
                               0x1560 (size before relaxing)
 .debug_str     0x000023f4      0x4f7 ./objects/tremo_uart.o
                                0xb41 (size before relaxing)
 .debug_str     0x000028eb       0x3a ./objects/main.o
                                0x242 (size before relaxing)
 .debug_str     0x00002925       0xc7 ./objects/tremo_it.o
                                0x240 (size before relaxing)
 .debug_str     0x000029ec       0x32 ./objects/device.o
                                0x23a (size before relaxing)
 .debug_str     0x00002a1e       0x9a ./objects/i2c.o
                                0x893 (size before relaxing)
 .debug_str     0x00002ab8       0x1f ./objects/debug.o
                                0x7eb (size before relaxing)

.comment        0x00000000       0x49
 .comment       0x00000000       0x49 ./objects/system_cm4.o
                                 0x4a (size before relaxing)
 .comment       0x00000049       0x4a ./objects/printf-stdarg.o
 .comment       0x00000049       0x4a ./objects/tremo_delay.o
 .comment       0x00000049       0x4a ./objects/tremo_gpio.o
 .comment       0x00000049       0x4a ./objects/tremo_i2c.o
 .comment       0x00000049       0x4a ./objects/tremo_rcc.o
 .comment       0x00000049       0x4a ./objects/tremo_uart.o
 .comment       0x00000049       0x4a ./objects/main.o
 .comment       0x00000049       0x4a ./objects/tremo_it.o
 .comment       0x00000049       0x4a ./objects/device.o
 .comment       0x00000049       0x4a ./objects/i2c.o
 .comment       0x00000049       0x4a ./objects/debug.o

.debug_frame    0x00000000     0x1864
 .debug_frame   0x00000000       0x78 ./objects/system_cm4.o
 .debug_frame   0x00000078      0x2fc ./objects/printf-stdarg.o
 .debug_frame   0x00000374       0xcc ./objects/tremo_delay.o
 .debug_frame   0x00000440      0x1e0 ./objects/tremo_gpio.o
 .debug_frame   0x00000620      0x2b0 ./objects/tremo_i2c.o
 .debug_frame   0x000008d0      0x664 ./objects/tremo_rcc.o
 .debug_frame   0x00000f34      0x2a4 ./objects/tremo_uart.o
 .debug_frame   0x000011d8       0x2c ./objects/main.o
 .debug_frame   0x00001204      0x110 ./objects/tremo_it.o
 .debug_frame   0x00001314       0x2c ./objects/device.o
 .debug_frame   0x00001340       0xd0 ./objects/i2c.o
 .debug_frame   0x00001410       0x2c ./objects/debug.o
 .debug_frame   0x0000143c       0xac c:/gnu arm embedded toolchain/10 2021.10/bin/../lib/gcc/arm-none-eabi/10.3.1/thumb/v7e-m/nofp\libgcc.a(_arm_addsubdf3.o)
 .debug_frame   0x000014e8       0x50 c:/gnu arm embedded toolchain/10 2021.10/bin/../lib/gcc/arm-none-eabi/10.3.1/thumb/v7e-m/nofp\libgcc.a(_arm_muldivdf3.o)
 .debug_frame   0x00001538       0xc4 c:/gnu arm embedded toolchain/10 2021.10/bin/../lib/gcc/arm-none-eabi/10.3.1/thumb/v7e-m/nofp\libgcc.a(_arm_cmpdf2.o)
 .debug_frame   0x000015fc       0x24 c:/gnu arm embedded toolchain/10 2021.10/bin/../lib/gcc/arm-none-eabi/10.3.1/thumb/v7e-m/nofp\libgcc.a(_arm_fixdfsi.o)
 .debug_frame   0x00001620       0x24 c:/gnu arm embedded toolchain/10 2021.10/bin/../lib/gcc/arm-none-eabi/10.3.1/thumb/v7e-m/nofp\libgcc.a(_arm_fixunsdfsi.o)
 .debug_frame   0x00001644       0x2c c:/gnu arm embedded toolchain/10 2021.10/bin/../lib/gcc/arm-none-eabi/10.3.1/thumb/v7e-m/nofp\libgcc.a(_aeabi_uldivmod.o)
 .debug_frame   0x00001670       0x34 c:/gnu arm embedded toolchain/10 2021.10/bin/../lib/gcc/arm-none-eabi/10.3.1/thumb/v7e-m/nofp\libgcc.a(_udivmoddi4.o)
 .debug_frame   0x000016a4       0x2c c:/gnu arm embedded toolchain/10 2021.10/bin/../lib/gcc/arm-none-eabi/10.3.1/../../../../arm-none-eabi/lib/thumb/v7e-m/nofp\libc.a(lib_a-init.o)
 .debug_frame   0x000016d0       0x5c c:/gnu arm embedded toolchain/10 2021.10/bin/../lib/gcc/arm-none-eabi/10.3.1/../../../../arm-none-eabi/lib/thumb/v7e-m/nofp\libc.a(lib_a-__call_atexit.o)
 .debug_frame   0x0000172c       0x20 c:/gnu arm embedded toolchain/10 2021.10/bin/../lib/gcc/arm-none-eabi/10.3.1/../../../../arm-none-eabi/lib/thumb/v7e-m/nofp\libc.a(lib_a-atexit.o)
 .debug_frame   0x0000174c       0x34 c:/gnu arm embedded toolchain/10 2021.10/bin/../lib/gcc/arm-none-eabi/10.3.1/../../../../arm-none-eabi/lib/thumb/v7e-m/nofp\libc.a(lib_a-fini.o)
 .debug_frame   0x00001780       0xb0 c:/gnu arm embedded toolchain/10 2021.10/bin/../lib/gcc/arm-none-eabi/10.3.1/../../../../arm-none-eabi/lib/thumb/v7e-m/nofp\libc.a(lib_a-lock.o)
 .debug_frame   0x00001830       0x34 c:/gnu arm embedded toolchain/10 2021.10/bin/../lib/gcc/arm-none-eabi/10.3.1/../../../../arm-none-eabi/lib/thumb/v7e-m/nofp\libc.a(lib_a-__atexit.o)
